Component: ARM Compiler 5.05 update 1 (build 106) Tool: armlink [4d0efa]

==============================================================================

Section Cross References

    fadingled.o(i.GPIOPORTFIntHandler) refers to fadingled.o(.data) for uBtn1Flag
    fadingled.o(i.Timer0AIntHandler) refers to fadingled.o(.data) for ledChain
    fadingled.o(i.getValueADC) refers to adc.o(i.ADCProcessorTrigger) for ADCProcessorTrigger
    fadingled.o(i.main) refers to _printf_percent.o(.ARM.Collect$$_printf_percent$$00000000) for _printf_percent
    fadingled.o(i.main) refers to _printf_d.o(.ARM.Collect$$_printf_percent$$00000009) for _printf_d
    fadingled.o(i.main) refers to _printf_dec.o(.text) for _printf_int_dec
    fadingled.o(i.main) refers to _printf_pad.o(.text) for _printf_pre_padding
    fadingled.o(i.main) refers to fadingled.o(i.setup) for setup
    fadingled.o(i.main) refers to fadingled.o(i.getValueADC) for getValueADC
    fadingled.o(i.main) refers to lcd.o(i.lcd_delay_2) for lcd_delay_2
    fadingled.o(i.main) refers to lcd.o(i.lcdClear) for lcdClear
    fadingled.o(i.main) refers to noretval__2printf.o(.text) for __2printf
    fadingled.o(i.main) refers to fadingled.o(.data) for uBtn2Flag
    fadingled.o(i.setup) refers to sysctl.o(i.SysCtlClockSet) for SysCtlClockSet
    fadingled.o(i.setup) refers to gpio.o(i.GPIOIntTypeSet) for GPIOIntTypeSet
    fadingled.o(i.setup) refers to gpio.o(i.GPIOPinIntEnable) for GPIOPinIntEnable
    fadingled.o(i.setup) refers to interrupt.o(i.IntEnable) for IntEnable
    fadingled.o(i.setup) refers to lcd.o(i.lcd_init) for lcd_init
    fadingled.o(i.setup) refers to sysctl.o(i.SysCtlClockGet) for SysCtlClockGet
    fadingled.o(i.setup) refers to sysctl.o(i.SysCtlADCSpeedSet) for SysCtlADCSpeedSet
    fadingled.o(i.setup) refers to adc.o(i.ADCSequenceDisable) for ADCSequenceDisable
    fadingled.o(i.setup) refers to adc.o(i.ADCSequenceConfigure) for ADCSequenceConfigure
    fadingled.o(i.setup) refers to adc.o(i.ADCSequenceStepConfigure) for ADCSequenceStepConfigure
    fadingled.o(i.setup) refers to adc.o(i.ADCSequenceEnable) for ADCSequenceEnable
    fadingled.o(i.setup) refers to interrupt.o(i.IntMasterEnable) for IntMasterEnable
    lcd.o(i.lcdCMD) refers to lcd.o(i.shiftOut) for shiftOut
    lcd.o(i.lcdCMD) refers to lcd.o(i.lcd_delay) for lcd_delay
    lcd.o(i.lcdClear) refers to lcd.o(i.lcdCMD) for lcdCMD
    lcd.o(i.lcdClear) refers to lcd.o(i.clear_delay) for clear_delay
    lcd.o(i.lcdDATA) refers to lcd.o(i.shiftOut) for shiftOut
    lcd.o(i.lcdDATA) refers to lcd.o(i.lcd_delay) for lcd_delay
    lcd.o(i.lcdPRINTF) refers to lcd.o(i.nextline) for nextline
    lcd.o(i.lcdPRINTF) refers to lcd.o(i.shiftOut) for shiftOut
    lcd.o(i.lcdPRINTF) refers to lcd.o(i.lcd_delay) for lcd_delay
    lcd.o(i.lcd_init) refers to lcd.o(i.lcdCMD) for lcdCMD
    lcd.o(i.lcd_init) refers to lcd.o(i.lcdClear) for lcdClear
    lcd.o(i.lcd_init) refers to lcd.o(i.lcdDATA) for lcdDATA
    lcd.o(i.lcd_init) refers to lcd.o(i.lcd_delay_2) for lcd_delay_2
    lcd.o(i.nextline) refers to lcd.o(i.lcdCMD) for lcdCMD
    gpio.o(i.GPIOPinConfigure) refers to gpio.o(.constdata) for g_pulGPIOBaseAddrs
    gpio.o(i.GPIOPinTypeADC) refers to gpio.o(i.GPIODirModeSet) for GPIODirModeSet
    gpio.o(i.GPIOPinTypeADC) refers to gpio.o(i.GPIOPadConfigSet) for GPIOPadConfigSet
    gpio.o(i.GPIOPinTypeCAN) refers to gpio.o(i.GPIODirModeSet) for GPIODirModeSet
    gpio.o(i.GPIOPinTypeCAN) refers to gpio.o(i.GPIOPadConfigSet) for GPIOPadConfigSet
    gpio.o(i.GPIOPinTypeComparator) refers to gpio.o(i.GPIODirModeSet) for GPIODirModeSet
    gpio.o(i.GPIOPinTypeComparator) refers to gpio.o(i.GPIOPadConfigSet) for GPIOPadConfigSet
    gpio.o(i.GPIOPinTypeEPI) refers to gpio.o(i.GPIODirModeSet) for GPIODirModeSet
    gpio.o(i.GPIOPinTypeEPI) refers to gpio.o(i.GPIOPadConfigSet) for GPIOPadConfigSet
    gpio.o(i.GPIOPinTypeEthernetLED) refers to gpio.o(i.GPIODirModeSet) for GPIODirModeSet
    gpio.o(i.GPIOPinTypeEthernetLED) refers to gpio.o(i.GPIOPadConfigSet) for GPIOPadConfigSet
    gpio.o(i.GPIOPinTypeEthernetMII) refers to gpio.o(i.GPIODirModeSet) for GPIODirModeSet
    gpio.o(i.GPIOPinTypeEthernetMII) refers to gpio.o(i.GPIOPadConfigSet) for GPIOPadConfigSet
    gpio.o(i.GPIOPinTypeFan) refers to gpio.o(i.GPIODirModeSet) for GPIODirModeSet
    gpio.o(i.GPIOPinTypeFan) refers to gpio.o(i.GPIOPadConfigSet) for GPIOPadConfigSet
    gpio.o(i.GPIOPinTypeGPIOInput) refers to gpio.o(i.GPIODirModeSet) for GPIODirModeSet
    gpio.o(i.GPIOPinTypeGPIOInput) refers to gpio.o(i.GPIOPadConfigSet) for GPIOPadConfigSet
    gpio.o(i.GPIOPinTypeGPIOOutput) refers to gpio.o(i.GPIOPadConfigSet) for GPIOPadConfigSet
    gpio.o(i.GPIOPinTypeGPIOOutput) refers to gpio.o(i.GPIODirModeSet) for GPIODirModeSet
    gpio.o(i.GPIOPinTypeGPIOOutputOD) refers to gpio.o(i.GPIOPadConfigSet) for GPIOPadConfigSet
    gpio.o(i.GPIOPinTypeGPIOOutputOD) refers to gpio.o(i.GPIODirModeSet) for GPIODirModeSet
    gpio.o(i.GPIOPinTypeI2C) refers to gpio.o(i.GPIODirModeSet) for GPIODirModeSet
    gpio.o(i.GPIOPinTypeI2C) refers to gpio.o(i.GPIOPadConfigSet) for GPIOPadConfigSet
    gpio.o(i.GPIOPinTypeI2CSCL) refers to gpio.o(i.GPIODirModeSet) for GPIODirModeSet
    gpio.o(i.GPIOPinTypeI2CSCL) refers to gpio.o(i.GPIOPadConfigSet) for GPIOPadConfigSet
    gpio.o(i.GPIOPinTypeI2S) refers to gpio.o(i.GPIODirModeSet) for GPIODirModeSet
    gpio.o(i.GPIOPinTypeI2S) refers to gpio.o(i.GPIOPadConfigSet) for GPIOPadConfigSet
    gpio.o(i.GPIOPinTypeLPC) refers to gpio.o(i.GPIODirModeSet) for GPIODirModeSet
    gpio.o(i.GPIOPinTypeLPC) refers to gpio.o(i.GPIOPadConfigSet) for GPIOPadConfigSet
    gpio.o(i.GPIOPinTypePECIRx) refers to gpio.o(i.GPIODirModeSet) for GPIODirModeSet
    gpio.o(i.GPIOPinTypePECIRx) refers to gpio.o(i.GPIOPadConfigSet) for GPIOPadConfigSet
    gpio.o(i.GPIOPinTypePECITx) refers to gpio.o(i.GPIODirModeSet) for GPIODirModeSet
    gpio.o(i.GPIOPinTypePECITx) refers to gpio.o(i.GPIOPadConfigSet) for GPIOPadConfigSet
    gpio.o(i.GPIOPinTypePWM) refers to gpio.o(i.GPIODirModeSet) for GPIODirModeSet
    gpio.o(i.GPIOPinTypePWM) refers to gpio.o(i.GPIOPadConfigSet) for GPIOPadConfigSet
    gpio.o(i.GPIOPinTypeQEI) refers to gpio.o(i.GPIODirModeSet) for GPIODirModeSet
    gpio.o(i.GPIOPinTypeQEI) refers to gpio.o(i.GPIOPadConfigSet) for GPIOPadConfigSet
    gpio.o(i.GPIOPinTypeSSI) refers to gpio.o(i.GPIODirModeSet) for GPIODirModeSet
    gpio.o(i.GPIOPinTypeSSI) refers to gpio.o(i.GPIOPadConfigSet) for GPIOPadConfigSet
    gpio.o(i.GPIOPinTypeTimer) refers to gpio.o(i.GPIODirModeSet) for GPIODirModeSet
    gpio.o(i.GPIOPinTypeTimer) refers to gpio.o(i.GPIOPadConfigSet) for GPIOPadConfigSet
    gpio.o(i.GPIOPinTypeUART) refers to gpio.o(i.GPIODirModeSet) for GPIODirModeSet
    gpio.o(i.GPIOPinTypeUART) refers to gpio.o(i.GPIOPadConfigSet) for GPIOPadConfigSet
    gpio.o(i.GPIOPinTypeUSBAnalog) refers to gpio.o(i.GPIODirModeSet) for GPIODirModeSet
    gpio.o(i.GPIOPinTypeUSBAnalog) refers to gpio.o(i.GPIOPadConfigSet) for GPIOPadConfigSet
    gpio.o(i.GPIOPinTypeUSBDigital) refers to gpio.o(i.GPIODirModeSet) for GPIODirModeSet
    gpio.o(i.GPIOPinTypeUSBDigital) refers to gpio.o(i.GPIOPadConfigSet) for GPIOPadConfigSet
    gpio.o(i.GPIOPortIntRegister) refers to gpio.o(i.GPIOGetIntNumber) for GPIOGetIntNumber
    gpio.o(i.GPIOPortIntRegister) refers to interrupt.o(i.IntRegister) for IntRegister
    gpio.o(i.GPIOPortIntRegister) refers to interrupt.o(i.IntEnable) for IntEnable
    gpio.o(i.GPIOPortIntUnregister) refers to gpio.o(i.GPIOGetIntNumber) for GPIOGetIntNumber
    gpio.o(i.GPIOPortIntUnregister) refers to interrupt.o(i.IntDisable) for IntDisable
    gpio.o(i.GPIOPortIntUnregister) refers to interrupt.o(i.IntUnregister) for IntUnregister
    interrupt.o(i.IntDisable) refers to interrupt.o(.constdata) for g_pulDisRegs
    interrupt.o(i.IntEnable) refers to interrupt.o(.constdata) for g_pulEnRegs
    interrupt.o(i.IntIsEnabled) refers to interrupt.o(.constdata) for g_pulEnRegs
    interrupt.o(i.IntMasterDisable) refers to cpu.o(.emb_text) for CPUcpsid
    interrupt.o(i.IntMasterEnable) refers to cpu.o(.emb_text) for CPUcpsie
    interrupt.o(i.IntPendClear) refers to interrupt.o(.constdata) for g_pulUnpendRegs
    interrupt.o(i.IntPendSet) refers to interrupt.o(.constdata) for g_pulPendRegs
    interrupt.o(i.IntPriorityGet) refers to interrupt.o(.constdata) for g_pulRegs
    interrupt.o(i.IntPriorityGroupingGet) refers to interrupt.o(.constdata) for g_pulPriority
    interrupt.o(i.IntPriorityGroupingSet) refers to interrupt.o(.constdata) for g_pulPriority
    interrupt.o(i.IntPriorityMaskGet) refers to cpu.o(.emb_text) for CPUbasepriGet
    interrupt.o(i.IntPriorityMaskSet) refers to cpu.o(.emb_text) for CPUbasepriSet
    interrupt.o(i.IntPrioritySet) refers to interrupt.o(.constdata) for g_pulRegs
    interrupt.o(i.IntRegister) refers to interrupt.o(vtable) for g_pfnRAMVectors
    interrupt.o(i.IntUnregister) refers to interrupt.o(i.IntDefaultHandler) for IntDefaultHandler
    interrupt.o(i.IntUnregister) refers to interrupt.o(vtable) for g_pfnRAMVectors
    sysctl.o(i.SysCtlClockGet) refers to sysctl.o(.constdata) for g_pulXtals
    sysctl.o(i.SysCtlClockSet) refers to sysctl.o(.emb_text) for SysCtlDelay
    sysctl.o(i.SysCtlDeepSleep) refers to cpu.o(.emb_text) for CPUwfi
    sysctl.o(i.SysCtlI2SMClkSet) refers to sysctl.o(.constdata) for g_pulXtals
    sysctl.o(i.SysCtlIntRegister) refers to interrupt.o(i.IntRegister) for IntRegister
    sysctl.o(i.SysCtlIntRegister) refers to interrupt.o(i.IntEnable) for IntEnable
    sysctl.o(i.SysCtlIntUnregister) refers to interrupt.o(i.IntDisable) for IntDisable
    sysctl.o(i.SysCtlIntUnregister) refers to interrupt.o(i.IntUnregister) for IntUnregister
    sysctl.o(i.SysCtlPeripheralDeepSleepDisable) refers to sysctl.o(.constdata) for g_pulDCGCRegs
    sysctl.o(i.SysCtlPeripheralDeepSleepEnable) refers to sysctl.o(.constdata) for g_pulDCGCRegs
    sysctl.o(i.SysCtlPeripheralDisable) refers to sysctl.o(.constdata) for g_pulRCGCRegs
    sysctl.o(i.SysCtlPeripheralEnable) refers to sysctl.o(.constdata) for g_pulRCGCRegs
    sysctl.o(i.SysCtlPeripheralMapToNew) refers to sysctl.o(.constdata) for g_ppulPeripheralMap
    sysctl.o(i.SysCtlPeripheralPowerOff) refers to sysctl.o(i.SysCtlPeripheralMapToNew) for SysCtlPeripheralMapToNew
    sysctl.o(i.SysCtlPeripheralPowerOn) refers to sysctl.o(i.SysCtlPeripheralMapToNew) for SysCtlPeripheralMapToNew
    sysctl.o(i.SysCtlPeripheralPresent) refers to sysctl.o(.constdata) for g_pulDCRegs
    sysctl.o(i.SysCtlPeripheralReady) refers to sysctl.o(i.SysCtlPeripheralMapToNew) for SysCtlPeripheralMapToNew
    sysctl.o(i.SysCtlPeripheralReset) refers to sysctl.o(.constdata) for g_pulSRCRRegs
    sysctl.o(i.SysCtlPeripheralSleepDisable) refers to sysctl.o(.constdata) for g_pulSCGCRegs
    sysctl.o(i.SysCtlPeripheralSleepEnable) refers to sysctl.o(.constdata) for g_pulSCGCRegs
    sysctl.o(i.SysCtlSleep) refers to cpu.o(.emb_text) for CPUwfi
    timer.o(i.TimerIntNumberGet) refers to timer.o(.constdata) for g_ppulTimerIntMap
    timer.o(i.TimerIntRegister) refers to timer.o(i.TimerIntNumberGet) for TimerIntNumberGet
    timer.o(i.TimerIntRegister) refers to interrupt.o(i.IntRegister) for IntRegister
    timer.o(i.TimerIntRegister) refers to interrupt.o(i.IntEnable) for IntEnable
    timer.o(i.TimerIntUnregister) refers to timer.o(i.TimerIntNumberGet) for TimerIntNumberGet
    timer.o(i.TimerIntUnregister) refers to interrupt.o(i.IntDisable) for IntDisable
    timer.o(i.TimerIntUnregister) refers to interrupt.o(i.IntUnregister) for IntUnregister
    timer.o(i.TimerQuiesce) refers to timer.o(i.TimerIntUnregister) for TimerIntUnregister
    retarget.o(i._sys_exit) refers (Special) to use_no_semi.o(.text) for __use_no_semihosting_swi
    retarget.o(i._ttywrch) refers (Special) to use_no_semi.o(.text) for __use_no_semihosting_swi
    retarget.o(i.ferror) refers (Special) to use_no_semi.o(.text) for __use_no_semihosting_swi
    retarget.o(i.fgetc) refers (Special) to use_no_semi.o(.text) for __use_no_semihosting_swi
    retarget.o(i.fputc) refers (Special) to use_no_semi.o(.text) for __use_no_semihosting_swi
    retarget.o(i.fputc) refers to lcd.o(i.lcdPRINTF) for lcdPRINTF
    retarget.o(.data) refers (Special) to use_no_semi.o(.text) for __use_no_semihosting_swi
    startup.o(STACK) refers (Special) to heapauxi.o(.text) for __use_two_region_memory
    startup.o(HEAP) refers (Special) to heapauxi.o(.text) for __use_two_region_memory
    startup.o(RESET) refers (Special) to heapauxi.o(.text) for __use_two_region_memory
    startup.o(RESET) refers to startup.o(STACK) for StackMem
    startup.o(RESET) refers to fadingled.o(i.Timer0AIntHandler) for Timer0AIntHandler
    startup.o(RESET) refers to fadingled.o(i.GPIOPORTFIntHandler) for GPIOPORTFIntHandler
    startup.o(RESET) refers to __main.o(!!!main) for __main
    startup.o(.text) refers (Special) to heapauxi.o(.text) for __use_two_region_memory
    startup.o(.text) refers to startup.o(HEAP) for HeapMem
    startup.o(.text) refers to startup.o(STACK) for StackMem
    adc.o(i.ADCIntRegister) refers to interrupt.o(i.IntRegister) for IntRegister
    adc.o(i.ADCIntRegister) refers to interrupt.o(i.IntEnable) for IntEnable
    adc.o(i.ADCIntUnregister) refers to interrupt.o(i.IntDisable) for IntDisable
    adc.o(i.ADCIntUnregister) refers to interrupt.o(i.IntUnregister) for IntUnregister
    adc.o(i.ADCSoftwareOversampleConfigure) refers to adc.o(.data) for .data
    adc.o(i.ADCSoftwareOversampleDataGet) refers to adc.o(.data) for .data
    adc.o(i.ADCSoftwareOversampleStepConfigure) refers to adc.o(.data) for .data
    __2printf.o(.text) refers to _printf_char_file.o(.text) for _printf_char_file
    __2printf.o(.text) refers to retarget.o(.data) for __stdout
    noretval__2printf.o(.text) refers to _printf_char_file.o(.text) for _printf_char_file
    noretval__2printf.o(.text) refers to retarget.o(.data) for __stdout
    __printf.o(.text) refers to _printf_percent.o(.ARM.Collect$$_printf_percent$$00000000) for _printf_percent
    _printf_dec.o(.text) refers to _printf_intcommon.o(.text) for _printf_int_common
    __printf_flags.o(.text) refers to _printf_percent.o(.ARM.Collect$$_printf_percent$$00000000) for _printf_percent
    __printf_flags.o(.text) refers to __printf_flags.o(.constdata) for .constdata
    __printf_ss.o(.text) refers to _printf_percent.o(.ARM.Collect$$_printf_percent$$00000000) for _printf_percent
    __printf_flags_ss.o(.text) refers to _printf_percent.o(.ARM.Collect$$_printf_percent$$00000000) for _printf_percent
    __printf_flags_ss.o(.text) refers to __printf_flags_ss.o(.constdata) for .constdata
    __printf_wp.o(.text) refers to __printf_wp.o(i._is_digit) for _is_digit
    __printf_wp.o(.text) refers to _printf_percent.o(.ARM.Collect$$_printf_percent$$00000000) for _printf_percent
    __printf_flags_wp.o(.text) refers to __printf_wp.o(i._is_digit) for _is_digit
    __printf_flags_wp.o(.text) refers to _printf_percent.o(.ARM.Collect$$_printf_percent$$00000000) for _printf_percent
    __printf_flags_wp.o(.text) refers to __printf_flags_wp.o(.constdata) for .constdata
    __printf_ss_wp.o(.text) refers to __printf_wp.o(i._is_digit) for _is_digit
    __printf_ss_wp.o(.text) refers to _printf_percent.o(.ARM.Collect$$_printf_percent$$00000000) for _printf_percent
    __printf_flags_ss_wp.o(.text) refers to __printf_wp.o(i._is_digit) for _is_digit
    __printf_flags_ss_wp.o(.text) refers to _printf_percent.o(.ARM.Collect$$_printf_percent$$00000000) for _printf_percent
    __printf_flags_ss_wp.o(.text) refers to __printf_flags_ss_wp.o(.constdata) for .constdata
    _printf_d.o(.ARM.Collect$$_printf_percent$$00000009) refers (Weak) to _printf_dec.o(.text) for _printf_int_dec
    _printf_percent.o(.ARM.Collect$$_printf_percent$$00000000) refers (Special) to _printf_percent_end.o(.ARM.Collect$$_printf_percent$$00000017) for _printf_percent_end
    __main.o(!!!main) refers to __rtentry.o(.ARM.Collect$$rtentry$$00000000) for __rt_entry
    __rtentry.o(.ARM.Collect$$rtentry$$00000000) refers (Special) to __rtentry2.o(.ARM.Collect$$rtentry$$0000000A) for __rt_entry_li
    __rtentry.o(.ARM.Collect$$rtentry$$00000000) refers (Special) to __rtentry2.o(.ARM.Collect$$rtentry$$0000000D) for __rt_entry_main
    __rtentry.o(.ARM.Collect$$rtentry$$00000000) refers (Special) to __rtentry2.o(.ARM.Collect$$rtentry$$0000000C) for __rt_entry_postli_1
    __rtentry.o(.ARM.Collect$$rtentry$$00000000) refers (Special) to __rtentry2.o(.ARM.Collect$$rtentry$$00000009) for __rt_entry_postsh_1
    __rtentry.o(.ARM.Collect$$rtentry$$00000000) refers (Special) to __rtentry2.o(.ARM.Collect$$rtentry$$00000002) for __rt_entry_presh_1
    __rtentry.o(.ARM.Collect$$rtentry$$00000000) refers (Special) to __rtentry4.o(.ARM.Collect$$rtentry$$00000004) for __rt_entry_sh
    _printf_intcommon.o(.text) refers (Weak) to _printf_pad.o(.text) for _printf_pre_padding
    _printf_intcommon.o(.text) refers (Weak) to _printf_pad.o(.text) for _printf_pre_padding
    _printf_intcommon.o(.text) refers (Weak) to _printf_pad.o(.text) for _printf_post_padding
    _printf_char_file.o(.text) refers to _printf_char_common.o(.text) for _printf_char_common
    _printf_char_file.o(.text) refers to retarget.o(i.ferror) for ferror
    _printf_char_file.o(.text) refers to retarget.o(i.fputc) for fputc
    __rtentry2.o(.ARM.Collect$$rtentry$$00000008) refers to boardinit2.o(.text) for _platform_post_stackheap_init
    __rtentry2.o(.ARM.Collect$$rtentry$$0000000A) refers to libinit.o(.ARM.Collect$$libinit$$00000000) for __rt_lib_init
    __rtentry2.o(.ARM.Collect$$rtentry$$0000000B) refers to boardinit3.o(.text) for _platform_post_lib_init
    __rtentry2.o(.ARM.Collect$$rtentry$$0000000D) refers to fadingled.o(i.main) for main
    __rtentry2.o(.ARM.Collect$$rtentry$$0000000D) refers to exit.o(.text) for exit
    __rtentry2.o(.ARM.exidx) refers to __rtentry2.o(.ARM.Collect$$rtentry$$00000001) for .ARM.Collect$$rtentry$$00000001
    __rtentry2.o(.ARM.exidx) refers to __rtentry2.o(.ARM.Collect$$rtentry$$00000008) for .ARM.Collect$$rtentry$$00000008
    __rtentry2.o(.ARM.exidx) refers to __rtentry2.o(.ARM.Collect$$rtentry$$0000000A) for .ARM.Collect$$rtentry$$0000000A
    __rtentry2.o(.ARM.exidx) refers to __rtentry2.o(.ARM.Collect$$rtentry$$0000000B) for .ARM.Collect$$rtentry$$0000000B
    __rtentry2.o(.ARM.exidx) refers to __rtentry2.o(.ARM.Collect$$rtentry$$0000000D) for .ARM.Collect$$rtentry$$0000000D
    __rtentry4.o(.ARM.Collect$$rtentry$$00000004) refers to sys_stackheap_outer.o(.text) for __user_setup_stackheap
    __rtentry4.o(.ARM.exidx) refers to __rtentry4.o(.ARM.Collect$$rtentry$$00000004) for .ARM.Collect$$rtentry$$00000004
    _printf_char_common.o(.text) refers to __printf_flags_ss_wp.o(.text) for __printf
    sys_stackheap_outer.o(.text) refers to libspace.o(.text) for __user_perproc_libspace
    sys_stackheap_outer.o(.text) refers to startup.o(.text) for __user_initial_stackheap
    exit.o(.text) refers to rtexit.o(.ARM.Collect$$rtexit$$00000000) for __rt_exit
    libinit.o(.ARM.Collect$$libinit$$00000000) refers (Special) to libinit2.o(.ARM.Collect$$libinit$$0000002E) for __rt_lib_init_alloca_1
    libinit.o(.ARM.Collect$$libinit$$00000000) refers (Special) to libinit2.o(.ARM.Collect$$libinit$$0000002C) for __rt_lib_init_argv_1
    libinit.o(.ARM.Collect$$libinit$$00000000) refers (Special) to libinit2.o(.ARM.Collect$$libinit$$0000001B) for __rt_lib_init_atexit_1
    libinit.o(.ARM.Collect$$libinit$$00000000) refers (Special) to libinit2.o(.ARM.Collect$$libinit$$00000021) for __rt_lib_init_clock_1
    libinit.o(.ARM.Collect$$libinit$$00000000) refers (Special) to libinit2.o(.ARM.Collect$$libinit$$00000032) for __rt_lib_init_cpp_1
    libinit.o(.ARM.Collect$$libinit$$00000000) refers (Special) to libinit2.o(.ARM.Collect$$libinit$$00000030) for __rt_lib_init_exceptions_1
    libinit.o(.ARM.Collect$$libinit$$00000000) refers (Special) to libinit2.o(.ARM.Collect$$libinit$$00000001) for __rt_lib_init_fp_1
    libinit.o(.ARM.Collect$$libinit$$00000000) refers (Special) to libinit2.o(.ARM.Collect$$libinit$$0000001F) for __rt_lib_init_fp_trap_1
    libinit.o(.ARM.Collect$$libinit$$00000000) refers (Special) to libinit2.o(.ARM.Collect$$libinit$$00000023) for __rt_lib_init_getenv_1
    libinit.o(.ARM.Collect$$libinit$$00000000) refers (Special) to libinit2.o(.ARM.Collect$$libinit$$0000000A) for __rt_lib_init_heap_1
    libinit.o(.ARM.Collect$$libinit$$00000000) refers (Special) to libinit2.o(.ARM.Collect$$libinit$$00000011) for __rt_lib_init_lc_collate_1
    libinit.o(.ARM.Collect$$libinit$$00000000) refers (Special) to libinit2.o(.ARM.Collect$$libinit$$00000013) for __rt_lib_init_lc_ctype_1
    libinit.o(.ARM.Collect$$libinit$$00000000) refers (Special) to libinit2.o(.ARM.Collect$$libinit$$00000015) for __rt_lib_init_lc_monetary_1
    libinit.o(.ARM.Collect$$libinit$$00000000) refers (Special) to libinit2.o(.ARM.Collect$$libinit$$00000017) for __rt_lib_init_lc_numeric_1
    libinit.o(.ARM.Collect$$libinit$$00000000) refers (Special) to libinit2.o(.ARM.Collect$$libinit$$00000019) for __rt_lib_init_lc_time_1
    libinit.o(.ARM.Collect$$libinit$$00000000) refers (Special) to libinit2.o(.ARM.Collect$$libinit$$00000004) for __rt_lib_init_preinit_1
    libinit.o(.ARM.Collect$$libinit$$00000000) refers (Special) to libinit2.o(.ARM.Collect$$libinit$$0000000E) for __rt_lib_init_rand_1
    libinit.o(.ARM.Collect$$libinit$$00000000) refers (Special) to libinit2.o(.ARM.Collect$$libinit$$00000033) for __rt_lib_init_return
    libinit.o(.ARM.Collect$$libinit$$00000000) refers (Special) to libinit2.o(.ARM.Collect$$libinit$$0000001D) for __rt_lib_init_signal_1
    libinit.o(.ARM.Collect$$libinit$$00000000) refers (Special) to libinit2.o(.ARM.Collect$$libinit$$00000025) for __rt_lib_init_stdio_1
    libinit.o(.ARM.Collect$$libinit$$00000000) refers (Special) to libinit2.o(.ARM.Collect$$libinit$$0000000C) for __rt_lib_init_user_alloc_1
    libspace.o(.text) refers to libspace.o(.bss) for __libspace_start
    rtexit.o(.ARM.Collect$$rtexit$$00000000) refers (Special) to rtexit2.o(.ARM.Collect$$rtexit$$00000004) for __rt_exit_exit
    rtexit.o(.ARM.Collect$$rtexit$$00000000) refers (Special) to rtexit2.o(.ARM.Collect$$rtexit$$00000003) for __rt_exit_ls
    rtexit.o(.ARM.Collect$$rtexit$$00000000) refers (Special) to rtexit2.o(.ARM.Collect$$rtexit$$00000002) for __rt_exit_prels_1
    rtexit.o(.ARM.exidx) refers (Special) to rtexit2.o(.ARM.Collect$$rtexit$$00000004) for __rt_exit_exit
    rtexit.o(.ARM.exidx) refers (Special) to rtexit2.o(.ARM.Collect$$rtexit$$00000003) for __rt_exit_ls
    rtexit.o(.ARM.exidx) refers (Special) to rtexit2.o(.ARM.Collect$$rtexit$$00000002) for __rt_exit_prels_1
    rtexit.o(.ARM.exidx) refers to rtexit.o(.ARM.Collect$$rtexit$$00000000) for .ARM.Collect$$rtexit$$00000000
    libinit2.o(.ARM.Collect$$libinit$$00000001) refers to fpinit.o(x$fpl$fpinit) for _fp_init
    libinit2.o(.ARM.Collect$$libinit$$00000010) refers to libinit2.o(.ARM.Collect$$libinit$$0000000F) for .ARM.Collect$$libinit$$0000000F
    libinit2.o(.ARM.Collect$$libinit$$00000012) refers to libinit2.o(.ARM.Collect$$libinit$$0000000F) for .ARM.Collect$$libinit$$0000000F
    libinit2.o(.ARM.Collect$$libinit$$00000014) refers to libinit2.o(.ARM.Collect$$libinit$$0000000F) for .ARM.Collect$$libinit$$0000000F
    libinit2.o(.ARM.Collect$$libinit$$00000016) refers to libinit2.o(.ARM.Collect$$libinit$$0000000F) for .ARM.Collect$$libinit$$0000000F
    libinit2.o(.ARM.Collect$$libinit$$00000018) refers to libinit2.o(.ARM.Collect$$libinit$$0000000F) for .ARM.Collect$$libinit$$0000000F
    libinit2.o(.ARM.Collect$$libinit$$00000026) refers to argv_veneer.o(.emb_text) for __ARM_argv_veneer
    libinit2.o(.ARM.Collect$$libinit$$00000027) refers to argv_veneer.o(.emb_text) for __ARM_argv_veneer
    rtexit2.o(.ARM.Collect$$rtexit$$00000003) refers to libshutdown.o(.ARM.Collect$$libshutdown$$00000000) for __rt_lib_shutdown
    rtexit2.o(.ARM.Collect$$rtexit$$00000004) refers to retarget.o(i._sys_exit) for _sys_exit
    rtexit2.o(.ARM.exidx) refers to rtexit2.o(.ARM.Collect$$rtexit$$00000001) for .ARM.Collect$$rtexit$$00000001
    rtexit2.o(.ARM.exidx) refers to rtexit2.o(.ARM.Collect$$rtexit$$00000003) for .ARM.Collect$$rtexit$$00000003
    rtexit2.o(.ARM.exidx) refers to rtexit2.o(.ARM.Collect$$rtexit$$00000004) for .ARM.Collect$$rtexit$$00000004
    argv_veneer.o(.emb_text) refers to no_argv.o(.text) for __ARM_get_argv
    _get_argv_nomalloc.o(.text) refers (Special) to hrguard.o(.text) for __heap_region$guard
    _get_argv_nomalloc.o(.text) refers to defsig_rtmem_outer.o(.text) for __rt_SIGRTMEM
    _get_argv_nomalloc.o(.text) refers to sys_command.o(.text) for _sys_command_string
    libshutdown.o(.ARM.Collect$$libshutdown$$00000000) refers (Special) to libshutdown2.o(.ARM.Collect$$libshutdown$$00000006) for __rt_lib_shutdown_fp_trap_1
    libshutdown.o(.ARM.Collect$$libshutdown$$00000000) refers (Special) to libshutdown2.o(.ARM.Collect$$libshutdown$$0000000E) for __rt_lib_shutdown_heap_1
    libshutdown.o(.ARM.Collect$$libshutdown$$00000000) refers (Special) to libshutdown2.o(.ARM.Collect$$libshutdown$$0000000F) for __rt_lib_shutdown_return
    libshutdown.o(.ARM.Collect$$libshutdown$$00000000) refers (Special) to libshutdown2.o(.ARM.Collect$$libshutdown$$00000009) for __rt_lib_shutdown_signal_1
    libshutdown.o(.ARM.Collect$$libshutdown$$00000000) refers (Special) to libshutdown2.o(.ARM.Collect$$libshutdown$$00000003) for __rt_lib_shutdown_stdio_1
    libshutdown.o(.ARM.Collect$$libshutdown$$00000000) refers (Special) to libshutdown2.o(.ARM.Collect$$libshutdown$$0000000B) for __rt_lib_shutdown_user_alloc_1
    sys_command.o(.text) refers (Special) to use_no_semi.o(.text) for __I$use$semihosting
    sys_command.o(.text) refers (Special) to indicate_semi.o(.text) for __semihosting_library_function
    defsig_rtmem_outer.o(.text) refers to defsig_rtmem_inner.o(.text) for __rt_SIGRTMEM_inner
    defsig_rtmem_outer.o(.text) refers to defsig_exit.o(.text) for __sig_exit
    defsig_rtmem_formal.o(.text) refers to rt_raise.o(.text) for __rt_raise
    rt_raise.o(.text) refers to __raise.o(.text) for __raise
    rt_raise.o(.text) refers to retarget.o(i._sys_exit) for _sys_exit
    defsig_exit.o(.text) refers to retarget.o(i._sys_exit) for _sys_exit
    defsig_rtmem_inner.o(.text) refers to defsig_general.o(.text) for __default_signal_display
    __raise.o(.text) refers to defsig.o(CL$$defsig) for __default_signal_handler
    defsig_general.o(.text) refers to retarget.o(i._ttywrch) for _ttywrch
    defsig.o(CL$$defsig) refers to defsig_rtmem_inner.o(.text) for __rt_SIGRTMEM_inner
    defsig_abrt_inner.o(.text) refers to defsig_general.o(.text) for __default_signal_display
    defsig_fpe_inner.o(.text) refers to defsig_general.o(.text) for __default_signal_display
    defsig_rtred_inner.o(.text) refers to defsig_general.o(.text) for __default_signal_display
    defsig_stak_inner.o(.text) refers to defsig_general.o(.text) for __default_signal_display
    defsig_pvfn_inner.o(.text) refers to defsig_general.o(.text) for __default_signal_display
    defsig_cppl_inner.o(.text) refers to defsig_general.o(.text) for __default_signal_display
    defsig_segv_inner.o(.text) refers to defsig_general.o(.text) for __default_signal_display
    defsig_other.o(.text) refers to defsig_general.o(.text) for __default_signal_display


==============================================================================

Removing Unused input sections from the image.

    Removing gpio.o(i.GPIOADCTriggerDisable), (12 bytes).
    Removing gpio.o(i.GPIOADCTriggerEnable), (12 bytes).
    Removing gpio.o(i.GPIODMATriggerDisable), (12 bytes).
    Removing gpio.o(i.GPIODMATriggerEnable), (12 bytes).
    Removing gpio.o(i.GPIODirModeGet), (46 bytes).
    Removing gpio.o(i.GPIODirModeSet), (50 bytes).
    Removing gpio.o(i.GPIOGetIntNumber), (244 bytes).
    Removing gpio.o(i.GPIOIntTypeGet), (64 bytes).
    Removing gpio.o(i.GPIOPadConfigGet), (146 bytes).
    Removing gpio.o(i.GPIOPadConfigSet), (216 bytes).
    Removing gpio.o(i.GPIOPinConfigure), (80 bytes).
    Removing gpio.o(i.GPIOPinIntClear), (6 bytes).
    Removing gpio.o(i.GPIOPinIntDisable), (12 bytes).
    Removing gpio.o(i.GPIOPinIntStatus), (16 bytes).
    Removing gpio.o(i.GPIOPinRead), (12 bytes).
    Removing gpio.o(i.GPIOPinTypeADC), (30 bytes).
    Removing gpio.o(i.GPIOPinTypeCAN), (30 bytes).
    Removing gpio.o(i.GPIOPinTypeComparator), (30 bytes).
    Removing gpio.o(i.GPIOPinTypeEPI), (30 bytes).
    Removing gpio.o(i.GPIOPinTypeEthernetLED), (30 bytes).
    Removing gpio.o(i.GPIOPinTypeEthernetMII), (30 bytes).
    Removing gpio.o(i.GPIOPinTypeFan), (30 bytes).
    Removing gpio.o(i.GPIOPinTypeGPIOInput), (30 bytes).
    Removing gpio.o(i.GPIOPinTypeGPIOOutput), (30 bytes).
    Removing gpio.o(i.GPIOPinTypeGPIOOutputOD), (30 bytes).
    Removing gpio.o(i.GPIOPinTypeI2C), (30 bytes).
    Removing gpio.o(i.GPIOPinTypeI2CSCL), (148 bytes).
    Removing gpio.o(i.GPIOPinTypeI2S), (30 bytes).
    Removing gpio.o(i.GPIOPinTypeLPC), (30 bytes).
    Removing gpio.o(i.GPIOPinTypePECIRx), (30 bytes).
    Removing gpio.o(i.GPIOPinTypePECITx), (30 bytes).
    Removing gpio.o(i.GPIOPinTypePWM), (30 bytes).
    Removing gpio.o(i.GPIOPinTypeQEI), (30 bytes).
    Removing gpio.o(i.GPIOPinTypeSSI), (30 bytes).
    Removing gpio.o(i.GPIOPinTypeTimer), (30 bytes).
    Removing gpio.o(i.GPIOPinTypeUART), (30 bytes).
    Removing gpio.o(i.GPIOPinTypeUSBAnalog), (30 bytes).
    Removing gpio.o(i.GPIOPinTypeUSBDigital), (30 bytes).
    Removing gpio.o(i.GPIOPinWrite), (10 bytes).
    Removing gpio.o(i.GPIOPortIntRegister), (30 bytes).
    Removing gpio.o(i.GPIOPortIntUnregister), (26 bytes).
    Removing gpio.o(.constdata), (120 bytes).
    Removing interrupt.o(i.IntDefaultHandler), (4 bytes).
    Removing interrupt.o(i.IntDisable), (116 bytes).
    Removing interrupt.o(i.IntIsEnabled), (108 bytes).
    Removing interrupt.o(i.IntMasterDisable), (10 bytes).
    Removing interrupt.o(i.IntPendClear), (76 bytes).
    Removing interrupt.o(i.IntPendSet), (96 bytes).
    Removing interrupt.o(i.IntPriorityGet), (28 bytes).
    Removing interrupt.o(i.IntPriorityGroupingGet), (44 bytes).
    Removing interrupt.o(i.IntPriorityGroupingSet), (28 bytes).
    Removing interrupt.o(i.IntPriorityMaskGet), (8 bytes).
    Removing interrupt.o(i.IntPriorityMaskSet), (12 bytes).
    Removing interrupt.o(i.IntPrioritySet), (52 bytes).
    Removing interrupt.o(i.IntRegister), (60 bytes).
    Removing interrupt.o(i.IntUnregister), (20 bytes).
    Removing interrupt.o(vtable), (620 bytes).
    Removing sysctl.o(i.SysCtlADCSpeedGet), (16 bytes).
    Removing sysctl.o(i.SysCtlBrownOutConfigSet), (16 bytes).
    Removing sysctl.o(i.SysCtlClkVerificationClear), (24 bytes).
    Removing sysctl.o(i.SysCtlDeepSleep), (36 bytes).
    Removing sysctl.o(i.SysCtlDeepSleepClockSet), (12 bytes).
    Removing sysctl.o(i.SysCtlFlashSizeGet), (20 bytes).
    Removing sysctl.o(i.SysCtlGPIOAHBDisable), (20 bytes).
    Removing sysctl.o(i.SysCtlGPIOAHBEnable), (20 bytes).
    Removing sysctl.o(i.SysCtlI2SMClkSet), (224 bytes).
    Removing sysctl.o(i.SysCtlIOSCVerificationSet), (36 bytes).
    Removing sysctl.o(i.SysCtlIntClear), (12 bytes).
    Removing sysctl.o(i.SysCtlIntDisable), (16 bytes).
    Removing sysctl.o(i.SysCtlIntEnable), (16 bytes).
    Removing sysctl.o(i.SysCtlIntRegister), (20 bytes).
    Removing sysctl.o(i.SysCtlIntStatus), (20 bytes).
    Removing sysctl.o(i.SysCtlIntUnregister), (16 bytes).
    Removing sysctl.o(i.SysCtlLDOConfigSet), (12 bytes).
    Removing sysctl.o(i.SysCtlLDOGet), (12 bytes).
    Removing sysctl.o(i.SysCtlLDOSet), (12 bytes).
    Removing sysctl.o(i.SysCtlMOSCConfigSet), (12 bytes).
    Removing sysctl.o(i.SysCtlMOSCVerificationSet), (36 bytes).
    Removing sysctl.o(i.SysCtlPIOSCCalibrate), (92 bytes).
    Removing sysctl.o(i.SysCtlPLLVerificationSet), (36 bytes).
    Removing sysctl.o(i.SysCtlPWMClockGet), (28 bytes).
    Removing sysctl.o(i.SysCtlPWMClockSet), (20 bytes).
    Removing sysctl.o(i.SysCtlPeripheralClockGating), (36 bytes).
    Removing sysctl.o(i.SysCtlPeripheralDeepSleepDisable), (104 bytes).
    Removing sysctl.o(i.SysCtlPeripheralDeepSleepEnable), (104 bytes).
    Removing sysctl.o(i.SysCtlPeripheralDisable), (104 bytes).
    Removing sysctl.o(i.SysCtlPeripheralEnable), (104 bytes).
    Removing sysctl.o(i.SysCtlPeripheralMapToNew), (40 bytes).
    Removing sysctl.o(i.SysCtlPeripheralPowerOff), (60 bytes).
    Removing sysctl.o(i.SysCtlPeripheralPowerOn), (60 bytes).
    Removing sysctl.o(i.SysCtlPeripheralPresent), (132 bytes).
    Removing sysctl.o(i.SysCtlPeripheralReady), (60 bytes).
    Removing sysctl.o(i.SysCtlPeripheralReset), (220 bytes).
    Removing sysctl.o(i.SysCtlPeripheralSleepDisable), (104 bytes).
    Removing sysctl.o(i.SysCtlPeripheralSleepEnable), (104 bytes).
    Removing sysctl.o(i.SysCtlPinPresent), (24 bytes).
    Removing sysctl.o(i.SysCtlReset), (20 bytes).
    Removing sysctl.o(i.SysCtlResetCauseClear), (16 bytes).
    Removing sysctl.o(i.SysCtlResetCauseGet), (12 bytes).
    Removing sysctl.o(i.SysCtlSRAMSizeGet), (20 bytes).
    Removing sysctl.o(i.SysCtlSleep), (8 bytes).
    Removing sysctl.o(i.SysCtlUSBPLLDisable), (20 bytes).
    Removing sysctl.o(i.SysCtlUSBPLLEnable), (20 bytes).
    Removing sysctl.o(.data), (13 bytes).
    Removing timer.o(i.TimerConfigure), (34 bytes).
    Removing timer.o(i.TimerControlEvent), (22 bytes).
    Removing timer.o(i.TimerControlLevel), (22 bytes).
    Removing timer.o(i.TimerControlStall), (22 bytes).
    Removing timer.o(i.TimerControlTrigger), (22 bytes).
    Removing timer.o(i.TimerControlWaitOnTrigger), (52 bytes).
    Removing timer.o(i.TimerDisable), (14 bytes).
    Removing timer.o(i.TimerEnable), (14 bytes).
    Removing timer.o(i.TimerIntClear), (4 bytes).
    Removing timer.o(i.TimerIntDisable), (8 bytes).
    Removing timer.o(i.TimerIntEnable), (8 bytes).
    Removing timer.o(i.TimerIntNumberGet), (44 bytes).
    Removing timer.o(i.TimerIntRegister), (56 bytes).
    Removing timer.o(i.TimerIntStatus), (12 bytes).
    Removing timer.o(i.TimerIntUnregister), (50 bytes).
    Removing timer.o(i.TimerLoadGet), (14 bytes).
    Removing timer.o(i.TimerLoadGet64), (26 bytes).
    Removing timer.o(i.TimerLoadSet), (16 bytes).
    Removing timer.o(i.TimerLoadSet64), (6 bytes).
    Removing timer.o(i.TimerMatchGet), (14 bytes).
    Removing timer.o(i.TimerMatchGet64), (26 bytes).
    Removing timer.o(i.TimerMatchSet), (16 bytes).
    Removing timer.o(i.TimerMatchSet64), (6 bytes).
    Removing timer.o(i.TimerPrescaleGet), (14 bytes).
    Removing timer.o(i.TimerPrescaleMatchGet), (14 bytes).
    Removing timer.o(i.TimerPrescaleMatchSet), (16 bytes).
    Removing timer.o(i.TimerPrescaleSet), (16 bytes).
    Removing timer.o(i.TimerQuiesce), (72 bytes).
    Removing timer.o(i.TimerRTCDisable), (10 bytes).
    Removing timer.o(i.TimerRTCEnable), (10 bytes).
    Removing timer.o(i.TimerSynchronize), (4 bytes).
    Removing timer.o(i.TimerValueGet), (14 bytes).
    Removing timer.o(i.TimerValueGet64), (26 bytes).
    Removing timer.o(.constdata), (96 bytes).
    Removing retarget.o(i._ttywrch), (2 bytes).
    Removing retarget.o(i.fgetc), (6 bytes).
    Removing adc.o(i.ADCComparatorConfigure), (10 bytes).
    Removing adc.o(i.ADCComparatorIntClear), (4 bytes).
    Removing adc.o(i.ADCComparatorIntDisable), (18 bytes).
    Removing adc.o(i.ADCComparatorIntEnable), (16 bytes).
    Removing adc.o(i.ADCComparatorIntStatus), (4 bytes).
    Removing adc.o(i.ADCComparatorRegionSet), (14 bytes).
    Removing adc.o(i.ADCComparatorReset), (40 bytes).
    Removing adc.o(i.ADCHardwareOversampleConfigure), (14 bytes).
    Removing adc.o(i.ADCIntClear), (10 bytes).
    Removing adc.o(i.ADCIntDisable), (16 bytes).
    Removing adc.o(i.ADCIntEnable), (16 bytes).
    Removing adc.o(i.ADCIntRegister), (38 bytes).
    Removing adc.o(i.ADCIntStatus), (52 bytes).
    Removing adc.o(i.ADCIntUnregister), (36 bytes).
    Removing adc.o(i.ADCPhaseDelayGet), (4 bytes).
    Removing adc.o(i.ADCPhaseDelaySet), (4 bytes).
    Removing adc.o(i.ADCReferenceGet), (8 bytes).
    Removing adc.o(i.ADCReferenceSet), (12 bytes).
    Removing adc.o(i.ADCResolutionGet), (8 bytes).
    Removing adc.o(i.ADCResolutionSet), (12 bytes).
    Removing adc.o(i.ADCSequenceDataGet), (36 bytes).
    Removing adc.o(i.ADCSequenceOverflow), (12 bytes).
    Removing adc.o(i.ADCSequenceOverflowClear), (10 bytes).
    Removing adc.o(i.ADCSequenceUnderflow), (12 bytes).
    Removing adc.o(i.ADCSequenceUnderflowClear), (10 bytes).
    Removing adc.o(i.ADCSoftwareOversampleConfigure), (24 bytes).
    Removing adc.o(i.ADCSoftwareOversampleDataGet), (72 bytes).
    Removing adc.o(i.ADCSoftwareOversampleStepConfigure), (148 bytes).
    Removing adc.o(.data), (3 bytes).

169 unused section(s) (total 6856 bytes) removed from the image.

==============================================================================

Image Symbol Table

    Local Symbols

    Symbol Name                              Value     Ov Type        Size  Object(Section)

    RESET                                    0x00000000   Section      644  startup.o(RESET)
    ../clib/angel/boardlib.s                 0x00000000   Number         0  boardinit2.o ABSOLUTE
    ../clib/angel/boardlib.s                 0x00000000   Number         0  boardinit1.o ABSOLUTE
    ../clib/angel/boardlib.s                 0x00000000   Number         0  boardinit3.o ABSOLUTE
    ../clib/angel/boardlib.s                 0x00000000   Number         0  boardshut.o ABSOLUTE
    ../clib/angel/handlers.s                 0x00000000   Number         0  __scatter_zi.o ABSOLUTE
    ../clib/angel/handlers.s                 0x00000000   Number         0  __scatter_copy.o ABSOLUTE
    ../clib/angel/kernel.s                   0x00000000   Number         0  rtexit.o ABSOLUTE
    ../clib/angel/kernel.s                   0x00000000   Number         0  rtexit2.o ABSOLUTE
    ../clib/angel/kernel.s                   0x00000000   Number         0  __rtentry2.o ABSOLUTE
    ../clib/angel/kernel.s                   0x00000000   Number         0  __rtentry4.o ABSOLUTE
    ../clib/angel/kernel.s                   0x00000000   Number         0  __rtentry.o ABSOLUTE
    ../clib/angel/rt.s                       0x00000000   Number         0  rt_raise.o ABSOLUTE
    ../clib/angel/scatter.s                  0x00000000   Number         0  __scatter.o ABSOLUTE
    ../clib/angel/startup.s                  0x00000000   Number         0  __main.o ABSOLUTE
    ../clib/angel/sys.s                      0x00000000   Number         0  libspace.o ABSOLUTE
    ../clib/angel/sys.s                      0x00000000   Number         0  use_no_semi.o ABSOLUTE
    ../clib/angel/sys.s                      0x00000000   Number         0  sys_stackheap_outer.o ABSOLUTE
    ../clib/angel/sys.s                      0x00000000   Number         0  indicate_semi.o ABSOLUTE
    ../clib/angel/sysapp.c                   0x00000000   Number         0  sys_command.o ABSOLUTE
    ../clib/armsys.c                         0x00000000   Number         0  no_argv.o ABSOLUTE
    ../clib/armsys.c                         0x00000000   Number         0  _get_argv_nomalloc.o ABSOLUTE
    ../clib/armsys.c                         0x00000000   Number         0  argv_veneer.o ABSOLUTE
    ../clib/armsys.c                         0x00000000   Number         0  argv_veneer.o ABSOLUTE
    ../clib/heapalloc.c                      0x00000000   Number         0  hrguard.o ABSOLUTE
    ../clib/heapaux.c                        0x00000000   Number         0  heapauxi.o ABSOLUTE
    ../clib/libinit.s                        0x00000000   Number         0  libshutdown2.o ABSOLUTE
    ../clib/libinit.s                        0x00000000   Number         0  libinit2.o ABSOLUTE
    ../clib/libinit.s                        0x00000000   Number         0  libinit.o ABSOLUTE
    ../clib/libinit.s                        0x00000000   Number         0  libshutdown.o ABSOLUTE
    ../clib/misc.s                           0x00000000   Number         0  printf_stubs.o ABSOLUTE
    ../clib/printf.c                         0x00000000   Number         0  __printf_flags_ss_wp.o ABSOLUTE
    ../clib/printf.c                         0x00000000   Number         0  __printf_nopercent.o ABSOLUTE
    ../clib/printf.c                         0x00000000   Number         0  __printf_flags.o ABSOLUTE
    ../clib/printf.c                         0x00000000   Number         0  _printf_dec.o ABSOLUTE
    ../clib/printf.c                         0x00000000   Number         0  _printf_pad.o ABSOLUTE
    ../clib/printf.c                         0x00000000   Number         0  __printf_ss_wp.o ABSOLUTE
    ../clib/printf.c                         0x00000000   Number         0  __printf.o ABSOLUTE
    ../clib/printf.c                         0x00000000   Number         0  __printf_flags_wp.o ABSOLUTE
    ../clib/printf.c                         0x00000000   Number         0  noretval__2printf.o ABSOLUTE
    ../clib/printf.c                         0x00000000   Number         0  __printf_ss.o ABSOLUTE
    ../clib/printf.c                         0x00000000   Number         0  _printf_intcommon.o ABSOLUTE
    ../clib/printf.c                         0x00000000   Number         0  __printf_wp.o ABSOLUTE
    ../clib/printf.c                         0x00000000   Number         0  __2printf.o ABSOLUTE
    ../clib/printf.c                         0x00000000   Number         0  _printf_char_common.o ABSOLUTE
    ../clib/printf.c                         0x00000000   Number         0  __printf_flags_ss.o ABSOLUTE
    ../clib/printf.c                         0x00000000   Number         0  _printf_char_file.o ABSOLUTE
    ../clib/printf_percent.s                 0x00000000   Number         0  _printf_percent_end.o ABSOLUTE
    ../clib/printf_percent.s                 0x00000000   Number         0  _printf_d.o ABSOLUTE
    ../clib/printf_percent.s                 0x00000000   Number         0  _printf_percent.o ABSOLUTE
    ../clib/signal.c                         0x00000000   Number         0  __raise.o ABSOLUTE
    ../clib/signal.c                         0x00000000   Number         0  defsig_exit.o ABSOLUTE
    ../clib/signal.c                         0x00000000   Number         0  defsig_rtmem_formal.o ABSOLUTE
    ../clib/signal.c                         0x00000000   Number         0  defsig_rtmem_outer.o ABSOLUTE
    ../clib/signal.c                         0x00000000   Number         0  defsig_rtmem_inner.o ABSOLUTE
    ../clib/signal.c                         0x00000000   Number         0  defsig_other.o ABSOLUTE
    ../clib/signal.c                         0x00000000   Number         0  defsig_segv_inner.o ABSOLUTE
    ../clib/signal.c                         0x00000000   Number         0  defsig_cppl_inner.o ABSOLUTE
    ../clib/signal.c                         0x00000000   Number         0  defsig_pvfn_inner.o ABSOLUTE
    ../clib/signal.c                         0x00000000   Number         0  defsig_stak_inner.o ABSOLUTE
    ../clib/signal.c                         0x00000000   Number         0  defsig_rtred_inner.o ABSOLUTE
    ../clib/signal.c                         0x00000000   Number         0  defsig_fpe_inner.o ABSOLUTE
    ../clib/signal.c                         0x00000000   Number         0  defsig_abrt_inner.o ABSOLUTE
    ../clib/signal.c                         0x00000000   Number         0  defsig_general.o ABSOLUTE
    ../clib/signal.s                         0x00000000   Number         0  defsig.o ABSOLUTE
    ../clib/stdlib.c                         0x00000000   Number         0  exit.o ABSOLUTE
    ../fplib/fpinit.s                        0x00000000   Number         0  fpinit.o ABSOLUTE
    RTE\Device\LM4F120H5QR\Startup.s         0x00000000   Number         0  startup.o ABSOLUTE
    Retarget.c                               0x00000000   Number         0  retarget.o ABSOLUTE
    adc.c                                    0x00000000   Number         0  adc.o ABSOLUTE
    cpu.c                                    0x00000000   Number         0  cpu.o ABSOLUTE
    cpu.c                                    0x00000000   Number         0  cpu.o ABSOLUTE
    dc.s                                     0x00000000   Number         0  dc.o ABSOLUTE
    drivers\\sysctl.c                        0x00000000   Number         0  sysctl.o ABSOLUTE
    drivers\gpio.c                           0x00000000   Number         0  gpio.o ABSOLUTE
    drivers\interrupt.c                      0x00000000   Number         0  interrupt.o ABSOLUTE
    drivers\lcd.c                            0x00000000   Number         0  lcd.o ABSOLUTE
    drivers\sysctl.c                         0x00000000   Number         0  sysctl.o ABSOLUTE
    drivers\timer.c                          0x00000000   Number         0  timer.o ABSOLUTE
    fadingLED.c                              0x00000000   Number         0  fadingled.o ABSOLUTE
    $v0                                      0x0000026c   Number         0  startup.o(RESET)
    NmiSR                                    0x0000027b   Thumb Code     0  startup.o(RESET)
    FaultISR                                 0x0000027d   Thumb Code     0  startup.o(RESET)
    IntDefaultHandler                        0x0000027f   Thumb Code     0  startup.o(RESET)
    !!!main                                  0x00000284   Section        8  __main.o(!!!main)
    !!!scatter                               0x0000028c   Section       52  __scatter.o(!!!scatter)
    !!handler_copy                           0x000002c0   Section       26  __scatter_copy.o(!!handler_copy)
    !!handler_zi                             0x000002dc   Section       28  __scatter_zi.o(!!handler_zi)
    .ARM.Collect$$_printf_percent$$00000000  0x000002f8   Section        0  _printf_percent.o(.ARM.Collect$$_printf_percent$$00000000)
    .ARM.Collect$$_printf_percent$$00000009  0x000002f8   Section        6  _printf_d.o(.ARM.Collect$$_printf_percent$$00000009)
    .ARM.Collect$$_printf_percent$$00000017  0x000002fe   Section        4  _printf_percent_end.o(.ARM.Collect$$_printf_percent$$00000017)
    .ARM.Collect$$libinit$$00000000          0x00000302   Section        2  libinit.o(.ARM.Collect$$libinit$$00000000)
    .ARM.Collect$$libinit$$00000001          0x00000304   Section        4  libinit2.o(.ARM.Collect$$libinit$$00000001)
    .ARM.Collect$$libinit$$00000004          0x00000308   Section        0  libinit2.o(.ARM.Collect$$libinit$$00000004)
    .ARM.Collect$$libinit$$0000000A          0x00000308   Section        0  libinit2.o(.ARM.Collect$$libinit$$0000000A)
    .ARM.Collect$$libinit$$0000000C          0x00000308   Section        0  libinit2.o(.ARM.Collect$$libinit$$0000000C)
    .ARM.Collect$$libinit$$0000000E          0x00000308   Section        0  libinit2.o(.ARM.Collect$$libinit$$0000000E)
    .ARM.Collect$$libinit$$00000011          0x00000308   Section        0  libinit2.o(.ARM.Collect$$libinit$$00000011)
    .ARM.Collect$$libinit$$00000013          0x00000308   Section        0  libinit2.o(.ARM.Collect$$libinit$$00000013)
    .ARM.Collect$$libinit$$00000015          0x00000308   Section        0  libinit2.o(.ARM.Collect$$libinit$$00000015)
    .ARM.Collect$$libinit$$00000017          0x00000308   Section        0  libinit2.o(.ARM.Collect$$libinit$$00000017)
    .ARM.Collect$$libinit$$00000019          0x00000308   Section        0  libinit2.o(.ARM.Collect$$libinit$$00000019)
    .ARM.Collect$$libinit$$0000001B          0x00000308   Section        0  libinit2.o(.ARM.Collect$$libinit$$0000001B)
    .ARM.Collect$$libinit$$0000001D          0x00000308   Section        0  libinit2.o(.ARM.Collect$$libinit$$0000001D)
    .ARM.Collect$$libinit$$0000001F          0x00000308   Section        0  libinit2.o(.ARM.Collect$$libinit$$0000001F)
    .ARM.Collect$$libinit$$00000021          0x00000308   Section        0  libinit2.o(.ARM.Collect$$libinit$$00000021)
    .ARM.Collect$$libinit$$00000023          0x00000308   Section        0  libinit2.o(.ARM.Collect$$libinit$$00000023)
    .ARM.Collect$$libinit$$00000025          0x00000308   Section        0  libinit2.o(.ARM.Collect$$libinit$$00000025)
    .ARM.Collect$$libinit$$0000002C          0x00000308   Section        0  libinit2.o(.ARM.Collect$$libinit$$0000002C)
    .ARM.Collect$$libinit$$0000002E          0x00000308   Section        0  libinit2.o(.ARM.Collect$$libinit$$0000002E)
    .ARM.Collect$$libinit$$00000030          0x00000308   Section        0  libinit2.o(.ARM.Collect$$libinit$$00000030)
    .ARM.Collect$$libinit$$00000032          0x00000308   Section        0  libinit2.o(.ARM.Collect$$libinit$$00000032)
    .ARM.Collect$$libinit$$00000033          0x00000308   Section        2  libinit2.o(.ARM.Collect$$libinit$$00000033)
    .ARM.Collect$$libshutdown$$00000000      0x0000030a   Section        2  libshutdown.o(.ARM.Collect$$libshutdown$$00000000)
    .ARM.Collect$$libshutdown$$00000003      0x0000030c   Section        0  libshutdown2.o(.ARM.Collect$$libshutdown$$00000003)
    .ARM.Collect$$libshutdown$$00000006      0x0000030c   Section        0  libshutdown2.o(.ARM.Collect$$libshutdown$$00000006)
    .ARM.Collect$$libshutdown$$00000009      0x0000030c   Section        0  libshutdown2.o(.ARM.Collect$$libshutdown$$00000009)
    .ARM.Collect$$libshutdown$$0000000B      0x0000030c   Section        0  libshutdown2.o(.ARM.Collect$$libshutdown$$0000000B)
    .ARM.Collect$$libshutdown$$0000000E      0x0000030c   Section        0  libshutdown2.o(.ARM.Collect$$libshutdown$$0000000E)
    .ARM.Collect$$libshutdown$$0000000F      0x0000030c   Section        2  libshutdown2.o(.ARM.Collect$$libshutdown$$0000000F)
    .ARM.Collect$$rtentry$$00000000          0x0000030e   Section        0  __rtentry.o(.ARM.Collect$$rtentry$$00000000)
    .ARM.Collect$$rtentry$$00000002          0x0000030e   Section        0  __rtentry2.o(.ARM.Collect$$rtentry$$00000002)
    .ARM.Collect$$rtentry$$00000004          0x0000030e   Section        6  __rtentry4.o(.ARM.Collect$$rtentry$$00000004)
    .ARM.Collect$$rtentry$$00000009          0x00000314   Section        0  __rtentry2.o(.ARM.Collect$$rtentry$$00000009)
    .ARM.Collect$$rtentry$$0000000A          0x00000314   Section        4  __rtentry2.o(.ARM.Collect$$rtentry$$0000000A)
    .ARM.Collect$$rtentry$$0000000C          0x00000318   Section        0  __rtentry2.o(.ARM.Collect$$rtentry$$0000000C)
    .ARM.Collect$$rtentry$$0000000D          0x00000318   Section        8  __rtentry2.o(.ARM.Collect$$rtentry$$0000000D)
    .ARM.Collect$$rtexit$$00000000           0x00000320   Section        2  rtexit.o(.ARM.Collect$$rtexit$$00000000)
    .ARM.Collect$$rtexit$$00000002           0x00000322   Section        0  rtexit2.o(.ARM.Collect$$rtexit$$00000002)
    .ARM.Collect$$rtexit$$00000003           0x00000322   Section        4  rtexit2.o(.ARM.Collect$$rtexit$$00000003)
    .ARM.Collect$$rtexit$$00000004           0x00000326   Section        6  rtexit2.o(.ARM.Collect$$rtexit$$00000004)
    .emb_text                                0x0000032c   Section        6  sysctl.o(.emb_text)
    $v0                                      0x0000032c   Number         0  sysctl.o(.emb_text)
    .emb_text                                0x00000334   Section       38  cpu.o(.emb_text)
    $v0                                      0x00000334   Number         0  cpu.o(.emb_text)
    .text                                    0x0000035c   Section       24  startup.o(.text)
    $v0                                      0x0000035c   Number         0  startup.o(.text)
    .text                                    0x00000374   Section        2  use_no_semi.o(.text)
    .text                                    0x00000378   Section        0  noretval__2printf.o(.text)
    .text                                    0x00000390   Section        0  _printf_pad.o(.text)
    .text                                    0x000003e0   Section        0  _printf_dec.o(.text)
    .text                                    0x00000458   Section        0  __printf_flags_ss_wp.o(.text)
    .text                                    0x000005e0   Section        0  heapauxi.o(.text)
    .text                                    0x000005e6   Section        0  _printf_intcommon.o(.text)
    .text                                    0x00000698   Section        0  _printf_char_file.o(.text)
    .text                                    0x000006bc   Section        0  _printf_char_common.o(.text)
    _printf_input_char                       0x000006bd   Thumb Code    10  _printf_char_common.o(.text)
    .text                                    0x000006ec   Section       74  sys_stackheap_outer.o(.text)
    .text                                    0x00000736   Section        0  exit.o(.text)
    .text                                    0x00000744   Section        8  libspace.o(.text)
    i.ADCProcessorTrigger                    0x0000074c   Section        0  adc.o(i.ADCProcessorTrigger)
    i.ADCSequenceConfigure                   0x0000076c   Section        0  adc.o(i.ADCSequenceConfigure)
    i.ADCSequenceDisable                     0x0000079e   Section        0  adc.o(i.ADCSequenceDisable)
    i.ADCSequenceEnable                      0x000007ae   Section        0  adc.o(i.ADCSequenceEnable)
    i.ADCSequenceStepConfigure               0x000007bc   Section        0  adc.o(i.ADCSequenceStepConfigure)
    i.GPIOIntTypeSet                         0x00000840   Section        0  gpio.o(i.GPIOIntTypeSet)
    i.GPIOPORTFIntHandler                    0x0000088c   Section        0  fadingled.o(i.GPIOPORTFIntHandler)
    i.GPIOPinIntEnable                       0x000008d0   Section        0  gpio.o(i.GPIOPinIntEnable)
    i.IntEnable                              0x000008dc   Section        0  interrupt.o(i.IntEnable)
    i.IntMasterEnable                        0x00000950   Section        0  interrupt.o(i.IntMasterEnable)
    i.SysCtlADCSpeedSet                      0x0000095c   Section        0  sysctl.o(i.SysCtlADCSpeedSet)
    i.SysCtlClockGet                         0x00000988   Section        0  sysctl.o(i.SysCtlClockGet)
    i.SysCtlClockSet                         0x00000bb8   Section        0  sysctl.o(i.SysCtlClockSet)
    i.Timer0AIntHandler                      0x00000d28   Section        0  fadingled.o(i.Timer0AIntHandler)
    i._is_digit                              0x00000da4   Section        0  __printf_wp.o(i._is_digit)
    i._sys_exit                              0x00000db2   Section        0  retarget.o(i._sys_exit)
    i.clear_delay                            0x00000db6   Section        0  lcd.o(i.clear_delay)
    i.ferror                                 0x00000dcc   Section        0  retarget.o(i.ferror)
    i.fputc                                  0x00000dd4   Section        0  retarget.o(i.fputc)
    i.getValueADC                            0x00000de4   Section        0  fadingled.o(i.getValueADC)
    i.lcdCMD                                 0x00000dfc   Section        0  lcd.o(i.lcdCMD)
    i.lcdClear                               0x00000e20   Section        0  lcd.o(i.lcdClear)
    i.lcdDATA                                0x00000e38   Section        0  lcd.o(i.lcdDATA)
    i.lcdPRINTF                              0x00000e5c   Section        0  lcd.o(i.lcdPRINTF)
    i.lcd_delay                              0x00000e90   Section        0  lcd.o(i.lcd_delay)
    i.lcd_delay_2                            0x00000ea4   Section        0  lcd.o(i.lcd_delay_2)
    i.lcd_init                               0x00000ebc   Section        0  lcd.o(i.lcd_init)
    i.main                                   0x00000f34   Section        0  fadingled.o(i.main)
    i.nextline                               0x00001020   Section        0  lcd.o(i.nextline)
    i.setup                                  0x0000102c   Section        0  fadingled.o(i.setup)
    i.shiftOut                               0x000011f4   Section        0  lcd.o(i.shiftOut)
    x$fpl$fpinit                             0x00001254   Section       10  fpinit.o(x$fpl$fpinit)
    $v0                                      0x00001254   Number         0  fpinit.o(x$fpl$fpinit)
    .constdata                               0x00001260   Section      268  interrupt.o(.constdata)
    g_pulPriority                            0x00001260   Data          32  interrupt.o(.constdata)
    g_pulRegs                                0x00001280   Data         156  interrupt.o(.constdata)
    g_pulEnRegs                              0x0000131c   Data          20  interrupt.o(.constdata)
    g_pulDisRegs                             0x00001330   Data          20  interrupt.o(.constdata)
    g_pulPendRegs                            0x00001344   Data          20  interrupt.o(.constdata)
    g_pulUnpendRegs                          0x00001358   Data          20  interrupt.o(.constdata)
    .constdata                               0x0000136c   Section      460  sysctl.o(.constdata)
    g_pulDCRegs                              0x0000136c   Data          16  sysctl.o(.constdata)
    g_pulSRCRRegs                            0x0000137c   Data          12  sysctl.o(.constdata)
    g_pulRCGCRegs                            0x00001388   Data          12  sysctl.o(.constdata)
    g_pulSCGCRegs                            0x00001394   Data          12  sysctl.o(.constdata)
    g_pulDCGCRegs                            0x000013a0   Data          12  sysctl.o(.constdata)
    g_pulXtals                               0x000013ac   Data         108  sysctl.o(.constdata)
    g_ppulPeripheralMap                      0x00001418   Data         288  sysctl.o(.constdata)
    .constdata                               0x00001538   Section       17  __printf_flags_ss_wp.o(.constdata)
    maptable                                 0x00001538   Data          17  __printf_flags_ss_wp.o(.constdata)
    .data                                    0x20000000   Section       40  fadingled.o(.data)
    .data                                    0x20000028   Section       16  retarget.o(.data)
    .bss                                     0x20000038   Section       96  libspace.o(.bss)
    HEAP                                     0x20000098   Section        0  startup.o(HEAP)
    STACK                                    0x20000098   Section      256  startup.o(STACK)
    HeapMem                                  0x20000098   Data           0  startup.o(HEAP)
    StackMem                                 0x20000098   Data           0  startup.o(STACK)

    Global Symbols

    Symbol Name                              Value     Ov Type        Size  Object(Section)

    BuildAttributes$$THM_ISAv4$E$P$D$K$B$S$7EM$VFPi3$EXTD16$VFPS$VFMA$PE$A:L22UL41UL21$X:L11$S22US41US21$IEEE1$IW$USESV6$~STKCKD$USESV7$~SHL$OTIME$ROPI$EBA8$UX$STANDARDLIB$REQ8$PRES8$EABIv2 0x00000000   Number         0  anon$$obj.o ABSOLUTE
    __ARM_use_no_argv                        0x00000000   Number         0  fadingled.o ABSOLUTE
    __Vectors                                0x00000000   Data           0  startup.o(RESET)
    _printf_flags                            0x00000000   Number         0  printf_stubs.o ABSOLUTE
    _printf_return_value                     0x00000000   Number         0  printf_stubs.o ABSOLUTE
    _printf_sizespec                         0x00000000   Number         0  printf_stubs.o ABSOLUTE
    _printf_widthprec                        0x00000000   Number         0  printf_stubs.o ABSOLUTE
    __ARM_exceptions_init                     - Undefined Weak Reference
    __alloca_initialize                       - Undefined Weak Reference
    __arm_preinit_                            - Undefined Weak Reference
    __cpp_initialize__aeabi_                  - Undefined Weak Reference
    __cxa_finalize                            - Undefined Weak Reference
    __rt_locale                               - Undefined Weak Reference
    __sigvec_lookup                           - Undefined Weak Reference
    _atexit_init                              - Undefined Weak Reference
    _call_atexit_fns                          - Undefined Weak Reference
    _clock_init                               - Undefined Weak Reference
    _fp_trap_init                             - Undefined Weak Reference
    _fp_trap_shutdown                         - Undefined Weak Reference
    _get_lc_collate                           - Undefined Weak Reference
    _get_lc_ctype                             - Undefined Weak Reference
    _get_lc_monetary                          - Undefined Weak Reference
    _get_lc_numeric                           - Undefined Weak Reference
    _get_lc_time                              - Undefined Weak Reference
    _getenv_init                              - Undefined Weak Reference
    _handle_redirection                       - Undefined Weak Reference
    _init_alloc                               - Undefined Weak Reference
    _init_user_alloc                          - Undefined Weak Reference
    _initio                                   - Undefined Weak Reference
    _printf_truncate_signed                   - Undefined Weak Reference
    _printf_truncate_unsigned                 - Undefined Weak Reference
    _rand_init                                - Undefined Weak Reference
    _signal_finish                            - Undefined Weak Reference
    _signal_init                              - Undefined Weak Reference
    _terminate_alloc                          - Undefined Weak Reference
    _terminate_user_alloc                     - Undefined Weak Reference
    _terminateio                              - Undefined Weak Reference
    Reset_Handler                            0x0000026d   Thumb Code     0  startup.o(RESET)
    __main                                   0x00000285   Thumb Code     8  __main.o(!!!main)
    __scatterload                            0x0000028d   Thumb Code     0  __scatter.o(!!!scatter)
    __scatterload_rt2                        0x0000028d   Thumb Code    44  __scatter.o(!!!scatter)
    __scatterload_rt2_thumb_only             0x0000028d   Thumb Code     0  __scatter.o(!!!scatter)
    __scatterload_null                       0x0000029b   Thumb Code     0  __scatter.o(!!!scatter)
    __scatterload_copy                       0x000002c1   Thumb Code    26  __scatter_copy.o(!!handler_copy)
    __scatterload_zeroinit                   0x000002dd   Thumb Code    28  __scatter_zi.o(!!handler_zi)
    _printf_d                                0x000002f9   Thumb Code     0  _printf_d.o(.ARM.Collect$$_printf_percent$$00000009)
    _printf_percent                          0x000002f9   Thumb Code     0  _printf_percent.o(.ARM.Collect$$_printf_percent$$00000000)
    _printf_percent_end                      0x000002ff   Thumb Code     0  _printf_percent_end.o(.ARM.Collect$$_printf_percent$$00000017)
    __rt_lib_init                            0x00000303   Thumb Code     0  libinit.o(.ARM.Collect$$libinit$$00000000)
    __rt_lib_init_fp_1                       0x00000305   Thumb Code     0  libinit2.o(.ARM.Collect$$libinit$$00000001)
    __rt_lib_init_alloca_1                   0x00000309   Thumb Code     0  libinit2.o(.ARM.Collect$$libinit$$0000002E)
    __rt_lib_init_argv_1                     0x00000309   Thumb Code     0  libinit2.o(.ARM.Collect$$libinit$$0000002C)
    __rt_lib_init_atexit_1                   0x00000309   Thumb Code     0  libinit2.o(.ARM.Collect$$libinit$$0000001B)
    __rt_lib_init_clock_1                    0x00000309   Thumb Code     0  libinit2.o(.ARM.Collect$$libinit$$00000021)
    __rt_lib_init_cpp_1                      0x00000309   Thumb Code     0  libinit2.o(.ARM.Collect$$libinit$$00000032)
    __rt_lib_init_exceptions_1               0x00000309   Thumb Code     0  libinit2.o(.ARM.Collect$$libinit$$00000030)
    __rt_lib_init_fp_trap_1                  0x00000309   Thumb Code     0  libinit2.o(.ARM.Collect$$libinit$$0000001F)
    __rt_lib_init_getenv_1                   0x00000309   Thumb Code     0  libinit2.o(.ARM.Collect$$libinit$$00000023)
    __rt_lib_init_heap_1                     0x00000309   Thumb Code     0  libinit2.o(.ARM.Collect$$libinit$$0000000A)
    __rt_lib_init_lc_collate_1               0x00000309   Thumb Code     0  libinit2.o(.ARM.Collect$$libinit$$00000011)
    __rt_lib_init_lc_ctype_1                 0x00000309   Thumb Code     0  libinit2.o(.ARM.Collect$$libinit$$00000013)
    __rt_lib_init_lc_monetary_1              0x00000309   Thumb Code     0  libinit2.o(.ARM.Collect$$libinit$$00000015)
    __rt_lib_init_lc_numeric_1               0x00000309   Thumb Code     0  libinit2.o(.ARM.Collect$$libinit$$00000017)
    __rt_lib_init_lc_time_1                  0x00000309   Thumb Code     0  libinit2.o(.ARM.Collect$$libinit$$00000019)
    __rt_lib_init_preinit_1                  0x00000309   Thumb Code     0  libinit2.o(.ARM.Collect$$libinit$$00000004)
    __rt_lib_init_rand_1                     0x00000309   Thumb Code     0  libinit2.o(.ARM.Collect$$libinit$$0000000E)
    __rt_lib_init_return                     0x00000309   Thumb Code     0  libinit2.o(.ARM.Collect$$libinit$$00000033)
    __rt_lib_init_signal_1                   0x00000309   Thumb Code     0  libinit2.o(.ARM.Collect$$libinit$$0000001D)
    __rt_lib_init_stdio_1                    0x00000309   Thumb Code     0  libinit2.o(.ARM.Collect$$libinit$$00000025)
    __rt_lib_init_user_alloc_1               0x00000309   Thumb Code     0  libinit2.o(.ARM.Collect$$libinit$$0000000C)
    __rt_lib_shutdown                        0x0000030b   Thumb Code     0  libshutdown.o(.ARM.Collect$$libshutdown$$00000000)
    __rt_lib_shutdown_fp_trap_1              0x0000030d   Thumb Code     0  libshutdown2.o(.ARM.Collect$$libshutdown$$00000006)
    __rt_lib_shutdown_heap_1                 0x0000030d   Thumb Code     0  libshutdown2.o(.ARM.Collect$$libshutdown$$0000000E)
    __rt_lib_shutdown_return                 0x0000030d   Thumb Code     0  libshutdown2.o(.ARM.Collect$$libshutdown$$0000000F)
    __rt_lib_shutdown_signal_1               0x0000030d   Thumb Code     0  libshutdown2.o(.ARM.Collect$$libshutdown$$00000009)
    __rt_lib_shutdown_stdio_1                0x0000030d   Thumb Code     0  libshutdown2.o(.ARM.Collect$$libshutdown$$00000003)
    __rt_lib_shutdown_user_alloc_1           0x0000030d   Thumb Code     0  libshutdown2.o(.ARM.Collect$$libshutdown$$0000000B)
    __rt_entry                               0x0000030f   Thumb Code     0  __rtentry.o(.ARM.Collect$$rtentry$$00000000)
    __rt_entry_presh_1                       0x0000030f   Thumb Code     0  __rtentry2.o(.ARM.Collect$$rtentry$$00000002)
    __rt_entry_sh                            0x0000030f   Thumb Code     0  __rtentry4.o(.ARM.Collect$$rtentry$$00000004)
    __rt_entry_li                            0x00000315   Thumb Code     0  __rtentry2.o(.ARM.Collect$$rtentry$$0000000A)
    __rt_entry_postsh_1                      0x00000315   Thumb Code     0  __rtentry2.o(.ARM.Collect$$rtentry$$00000009)
    __rt_entry_main                          0x00000319   Thumb Code     0  __rtentry2.o(.ARM.Collect$$rtentry$$0000000D)
    __rt_entry_postli_1                      0x00000319   Thumb Code     0  __rtentry2.o(.ARM.Collect$$rtentry$$0000000C)
    __rt_exit                                0x00000321   Thumb Code     0  rtexit.o(.ARM.Collect$$rtexit$$00000000)
    __rt_exit_ls                             0x00000323   Thumb Code     0  rtexit2.o(.ARM.Collect$$rtexit$$00000003)
    __rt_exit_prels_1                        0x00000323   Thumb Code     0  rtexit2.o(.ARM.Collect$$rtexit$$00000002)
    __rt_exit_exit                           0x00000327   Thumb Code     0  rtexit2.o(.ARM.Collect$$rtexit$$00000004)
    SysCtlDelay                              0x0000032d   Thumb Code     6  sysctl.o(.emb_text)
    CPUcpsid                                 0x00000335   Thumb Code     8  cpu.o(.emb_text)
    CPUprimask                               0x0000033d   Thumb Code     6  cpu.o(.emb_text)
    CPUcpsie                                 0x00000343   Thumb Code     8  cpu.o(.emb_text)
    CPUwfi                                   0x0000034b   Thumb Code     4  cpu.o(.emb_text)
    CPUbasepriSet                            0x0000034f   Thumb Code     6  cpu.o(.emb_text)
    CPUbasepriGet                            0x00000355   Thumb Code     6  cpu.o(.emb_text)
    __user_initial_stackheap                 0x0000035d   Thumb Code     0  startup.o(.text)
    __I$use$semihosting                      0x00000375   Thumb Code     0  use_no_semi.o(.text)
    __use_no_semihosting_swi                 0x00000375   Thumb Code     2  use_no_semi.o(.text)
    __2printf                                0x00000379   Thumb Code    20  noretval__2printf.o(.text)
    _printf_pre_padding                      0x00000391   Thumb Code    44  _printf_pad.o(.text)
    _printf_post_padding                     0x000003bd   Thumb Code    34  _printf_pad.o(.text)
    _printf_int_dec                          0x000003e1   Thumb Code   104  _printf_dec.o(.text)
    __printf                                 0x00000459   Thumb Code   388  __printf_flags_ss_wp.o(.text)
    __use_two_region_memory                  0x000005e1   Thumb Code     2  heapauxi.o(.text)
    __rt_heap_escrow$2region                 0x000005e3   Thumb Code     2  heapauxi.o(.text)
    __rt_heap_expand$2region                 0x000005e5   Thumb Code     2  heapauxi.o(.text)
    _printf_int_common                       0x000005e7   Thumb Code   178  _printf_intcommon.o(.text)
    _printf_char_file                        0x00000699   Thumb Code    32  _printf_char_file.o(.text)
    _printf_char_common                      0x000006c7   Thumb Code    32  _printf_char_common.o(.text)
    __user_setup_stackheap                   0x000006ed   Thumb Code    74  sys_stackheap_outer.o(.text)
    exit                                     0x00000737   Thumb Code    12  exit.o(.text)
    __user_libspace                          0x00000745   Thumb Code     8  libspace.o(.text)
    __user_perproc_libspace                  0x00000745   Thumb Code     0  libspace.o(.text)
    __user_perthread_libspace                0x00000745   Thumb Code     0  libspace.o(.text)
    ADCProcessorTrigger                      0x0000074d   Thumb Code    32  adc.o(i.ADCProcessorTrigger)
    ADCSequenceConfigure                     0x0000076d   Thumb Code    50  adc.o(i.ADCSequenceConfigure)
    ADCSequenceDisable                       0x0000079f   Thumb Code    16  adc.o(i.ADCSequenceDisable)
    ADCSequenceEnable                        0x000007af   Thumb Code    14  adc.o(i.ADCSequenceEnable)
    ADCSequenceStepConfigure                 0x000007bd   Thumb Code   132  adc.o(i.ADCSequenceStepConfigure)
    GPIOIntTypeSet                           0x00000841   Thumb Code    74  gpio.o(i.GPIOIntTypeSet)
    GPIOPORTFIntHandler                      0x0000088d   Thumb Code    50  fadingled.o(i.GPIOPORTFIntHandler)
    GPIOPinIntEnable                         0x000008d1   Thumb Code    12  gpio.o(i.GPIOPinIntEnable)
    IntEnable                                0x000008dd   Thumb Code   108  interrupt.o(i.IntEnable)
    IntMasterEnable                          0x00000951   Thumb Code    10  interrupt.o(i.IntMasterEnable)
    SysCtlADCSpeedSet                        0x0000095d   Thumb Code    34  sysctl.o(i.SysCtlADCSpeedSet)
    SysCtlClockGet                           0x00000989   Thumb Code   508  sysctl.o(i.SysCtlClockGet)
    SysCtlClockSet                           0x00000bb9   Thumb Code   346  sysctl.o(i.SysCtlClockSet)
    Timer0AIntHandler                        0x00000d29   Thumb Code   108  fadingled.o(i.Timer0AIntHandler)
    _is_digit                                0x00000da5   Thumb Code    14  __printf_wp.o(i._is_digit)
    _sys_exit                                0x00000db3   Thumb Code     4  retarget.o(i._sys_exit)
    clear_delay                              0x00000db7   Thumb Code    22  lcd.o(i.clear_delay)
    ferror                                   0x00000dcd   Thumb Code     8  retarget.o(i.ferror)
    fputc                                    0x00000dd5   Thumb Code    14  retarget.o(i.fputc)
    getValueADC                              0x00000de5   Thumb Code    20  fadingled.o(i.getValueADC)
    lcdCMD                                   0x00000dfd   Thumb Code    32  lcd.o(i.lcdCMD)
    lcdClear                                 0x00000e21   Thumb Code    24  lcd.o(i.lcdClear)
    lcdDATA                                  0x00000e39   Thumb Code    32  lcd.o(i.lcdDATA)
    lcdPRINTF                                0x00000e5d   Thumb Code    46  lcd.o(i.lcdPRINTF)
    lcd_delay                                0x00000e91   Thumb Code    20  lcd.o(i.lcd_delay)
    lcd_delay_2                              0x00000ea5   Thumb Code    20  lcd.o(i.lcd_delay_2)
    lcd_init                                 0x00000ebd   Thumb Code   118  lcd.o(i.lcd_init)
    main                                     0x00000f35   Thumb Code   184  fadingled.o(i.main)
    nextline                                 0x00001021   Thumb Code    10  lcd.o(i.nextline)
    setup                                    0x0000102d   Thumb Code   396  fadingled.o(i.setup)
    shiftOut                                 0x000011f5   Thumb Code    88  lcd.o(i.shiftOut)
    _fp_init                                 0x00001255   Thumb Code    10  fpinit.o(x$fpl$fpinit)
    __fplib_config_fpu_vfp                   0x0000125d   Thumb Code     0  fpinit.o(x$fpl$fpinit)
    __fplib_config_pureend_doubles           0x0000125d   Thumb Code     0  fpinit.o(x$fpl$fpinit)
    Region$$Table$$Base                      0x0000154c   Number         0  anon$$obj.o(Region$$Table)
    Region$$Table$$Limit                     0x0000156c   Number         0  anon$$obj.o(Region$$Table)
    ledChain                                 0x20000000   Data          28  fadingled.o(.data)
    uChainCtr                                0x2000001c   Data           4  fadingled.o(.data)
    uBtn1Flag                                0x20000020   Data           4  fadingled.o(.data)
    uBtn2Flag                                0x20000024   Data           4  fadingled.o(.data)
    prell                                    0x20000028   Data           4  retarget.o(.data)
    __stdout                                 0x2000002c   Data           4  retarget.o(.data)
    __stdin                                  0x20000030   Data           4  retarget.o(.data)
    __stderr                                 0x20000034   Data           4  retarget.o(.data)
    __libspace_start                         0x20000038   Data          96  libspace.o(.bss)
    __temporary_stack_top$libspace           0x20000098   Data           0  libspace.o(.bss)



==============================================================================

Memory Map of the image

  Image Entry point : 0x00000285

  Load Region LR_IROM1 (Base: 0x00000000, Size: 0x000015a4, Max: 0x00050000, ABSOLUTE)

    Execution Region ER_IROM1 (Base: 0x00000000, Size: 0x0000156c, Max: 0x00050000, ABSOLUTE)

    Base Addr    Size         Type   Attr      Idx    E Section Name        Object

    0x00000000   0x00000284   Code   RO         1135    RESET               startup.o
    0x00000284   0x00000008   Code   RO         1422  * !!!main             c_w.l(__main.o)
    0x0000028c   0x00000034   Code   RO         1581    !!!scatter          c_w.l(__scatter.o)
    0x000002c0   0x0000001a   Code   RO         1583    !!handler_copy      c_w.l(__scatter_copy.o)
    0x000002da   0x00000002   PAD
    0x000002dc   0x0000001c   Code   RO         1585    !!handler_zi        c_w.l(__scatter_zi.o)
    0x000002f8   0x00000000   Code   RO         1419    .ARM.Collect$$_printf_percent$$00000000  c_w.l(_printf_percent.o)
    0x000002f8   0x00000006   Code   RO         1418    .ARM.Collect$$_printf_percent$$00000009  c_w.l(_printf_d.o)
    0x000002fe   0x00000004   Code   RO         1429    .ARM.Collect$$_printf_percent$$00000017  c_w.l(_printf_percent_end.o)
    0x00000302   0x00000002   Code   RO         1458    .ARM.Collect$$libinit$$00000000  c_w.l(libinit.o)
    0x00000304   0x00000004   Code   RO         1464    .ARM.Collect$$libinit$$00000001  c_w.l(libinit2.o)
    0x00000308   0x00000000   Code   RO         1467    .ARM.Collect$$libinit$$00000004  c_w.l(libinit2.o)
    0x00000308   0x00000000   Code   RO         1470    .ARM.Collect$$libinit$$0000000A  c_w.l(libinit2.o)
    0x00000308   0x00000000   Code   RO         1472    .ARM.Collect$$libinit$$0000000C  c_w.l(libinit2.o)
    0x00000308   0x00000000   Code   RO         1474    .ARM.Collect$$libinit$$0000000E  c_w.l(libinit2.o)
    0x00000308   0x00000000   Code   RO         1477    .ARM.Collect$$libinit$$00000011  c_w.l(libinit2.o)
    0x00000308   0x00000000   Code   RO         1479    .ARM.Collect$$libinit$$00000013  c_w.l(libinit2.o)
    0x00000308   0x00000000   Code   RO         1481    .ARM.Collect$$libinit$$00000015  c_w.l(libinit2.o)
    0x00000308   0x00000000   Code   RO         1483    .ARM.Collect$$libinit$$00000017  c_w.l(libinit2.o)
    0x00000308   0x00000000   Code   RO         1485    .ARM.Collect$$libinit$$00000019  c_w.l(libinit2.o)
    0x00000308   0x00000000   Code   RO         1487    .ARM.Collect$$libinit$$0000001B  c_w.l(libinit2.o)
    0x00000308   0x00000000   Code   RO         1489    .ARM.Collect$$libinit$$0000001D  c_w.l(libinit2.o)
    0x00000308   0x00000000   Code   RO         1491    .ARM.Collect$$libinit$$0000001F  c_w.l(libinit2.o)
    0x00000308   0x00000000   Code   RO         1493    .ARM.Collect$$libinit$$00000021  c_w.l(libinit2.o)
    0x00000308   0x00000000   Code   RO         1495    .ARM.Collect$$libinit$$00000023  c_w.l(libinit2.o)
    0x00000308   0x00000000   Code   RO         1497    .ARM.Collect$$libinit$$00000025  c_w.l(libinit2.o)
    0x00000308   0x00000000   Code   RO         1501    .ARM.Collect$$libinit$$0000002C  c_w.l(libinit2.o)
    0x00000308   0x00000000   Code   RO         1503    .ARM.Collect$$libinit$$0000002E  c_w.l(libinit2.o)
    0x00000308   0x00000000   Code   RO         1505    .ARM.Collect$$libinit$$00000030  c_w.l(libinit2.o)
    0x00000308   0x00000000   Code   RO         1507    .ARM.Collect$$libinit$$00000032  c_w.l(libinit2.o)
    0x00000308   0x00000002   Code   RO         1508    .ARM.Collect$$libinit$$00000033  c_w.l(libinit2.o)
    0x0000030a   0x00000002   Code   RO         1526    .ARM.Collect$$libshutdown$$00000000  c_w.l(libshutdown.o)
    0x0000030c   0x00000000   Code   RO         1537    .ARM.Collect$$libshutdown$$00000003  c_w.l(libshutdown2.o)
    0x0000030c   0x00000000   Code   RO         1540    .ARM.Collect$$libshutdown$$00000006  c_w.l(libshutdown2.o)
    0x0000030c   0x00000000   Code   RO         1543    .ARM.Collect$$libshutdown$$00000009  c_w.l(libshutdown2.o)
    0x0000030c   0x00000000   Code   RO         1545    .ARM.Collect$$libshutdown$$0000000B  c_w.l(libshutdown2.o)
    0x0000030c   0x00000000   Code   RO         1548    .ARM.Collect$$libshutdown$$0000000E  c_w.l(libshutdown2.o)
    0x0000030c   0x00000002   Code   RO         1549    .ARM.Collect$$libshutdown$$0000000F  c_w.l(libshutdown2.o)
    0x0000030e   0x00000000   Code   RO         1424    .ARM.Collect$$rtentry$$00000000  c_w.l(__rtentry.o)
    0x0000030e   0x00000000   Code   RO         1431    .ARM.Collect$$rtentry$$00000002  c_w.l(__rtentry2.o)
    0x0000030e   0x00000006   Code   RO         1443    .ARM.Collect$$rtentry$$00000004  c_w.l(__rtentry4.o)
    0x00000314   0x00000000   Code   RO         1433    .ARM.Collect$$rtentry$$00000009  c_w.l(__rtentry2.o)
    0x00000314   0x00000004   Code   RO         1434    .ARM.Collect$$rtentry$$0000000A  c_w.l(__rtentry2.o)
    0x00000318   0x00000000   Code   RO         1436    .ARM.Collect$$rtentry$$0000000C  c_w.l(__rtentry2.o)
    0x00000318   0x00000008   Code   RO         1437    .ARM.Collect$$rtentry$$0000000D  c_w.l(__rtentry2.o)
    0x00000320   0x00000002   Code   RO         1462    .ARM.Collect$$rtexit$$00000000  c_w.l(rtexit.o)
    0x00000322   0x00000000   Code   RO         1510    .ARM.Collect$$rtexit$$00000002  c_w.l(rtexit2.o)
    0x00000322   0x00000004   Code   RO         1511    .ARM.Collect$$rtexit$$00000003  c_w.l(rtexit2.o)
    0x00000326   0x00000006   Code   RO         1512    .ARM.Collect$$rtexit$$00000004  c_w.l(rtexit2.o)
    0x0000032c   0x00000006   Code   RO          559    .emb_text           sysctl.o
    0x00000332   0x00000002   PAD
    0x00000334   0x00000026   Code   RO         1371    .emb_text           driverlib-cm4f.lib(cpu.o)
    0x0000035a   0x00000002   PAD
    0x0000035c   0x00000018   Code   RO         1136    .text               startup.o
    0x00000374   0x00000002   Code   RO         1386    .text               c_w.l(use_no_semi.o)
    0x00000376   0x00000002   PAD
    0x00000378   0x00000018   Code   RO         1390    .text               c_w.l(noretval__2printf.o)
    0x00000390   0x0000004e   Code   RO         1394    .text               c_w.l(_printf_pad.o)
    0x000003de   0x00000002   PAD
    0x000003e0   0x00000078   Code   RO         1396    .text               c_w.l(_printf_dec.o)
    0x00000458   0x00000188   Code   RO         1415    .text               c_w.l(__printf_flags_ss_wp.o)
    0x000005e0   0x00000006   Code   RO         1420    .text               c_w.l(heapauxi.o)
    0x000005e6   0x000000b2   Code   RO         1425    .text               c_w.l(_printf_intcommon.o)
    0x00000698   0x00000024   Code   RO         1427    .text               c_w.l(_printf_char_file.o)
    0x000006bc   0x00000030   Code   RO         1445    .text               c_w.l(_printf_char_common.o)
    0x000006ec   0x0000004a   Code   RO         1447    .text               c_w.l(sys_stackheap_outer.o)
    0x00000736   0x0000000c   Code   RO         1451    .text               c_w.l(exit.o)
    0x00000742   0x00000002   PAD
    0x00000744   0x00000008   Code   RO         1459    .text               c_w.l(libspace.o)
    0x0000074c   0x00000020   Code   RO         1157    i.ADCProcessorTrigger  driverlib-cm4f.lib(adc.o)
    0x0000076c   0x00000032   Code   RO         1162    i.ADCSequenceConfigure  driverlib-cm4f.lib(adc.o)
    0x0000079e   0x00000010   Code   RO         1164    i.ADCSequenceDisable  driverlib-cm4f.lib(adc.o)
    0x000007ae   0x0000000e   Code   RO         1165    i.ADCSequenceEnable  driverlib-cm4f.lib(adc.o)
    0x000007bc   0x00000084   Code   RO         1168    i.ADCSequenceStepConfigure  driverlib-cm4f.lib(adc.o)
    0x00000840   0x0000004a   Code   RO          165    i.GPIOIntTypeSet    gpio.o
    0x0000088a   0x00000002   PAD
    0x0000088c   0x00000044   Code   RO            1    i.GPIOPORTFIntHandler  fadingled.o
    0x000008d0   0x0000000c   Code   RO          171    i.GPIOPinIntEnable  gpio.o
    0x000008dc   0x00000074   Code   RO          451    i.IntEnable         interrupt.o
    0x00000950   0x0000000a   Code   RO          454    i.IntMasterEnable   interrupt.o
    0x0000095a   0x00000002   PAD
    0x0000095c   0x0000002c   Code   RO          561    i.SysCtlADCSpeedSet  sysctl.o
    0x00000988   0x00000230   Code   RO          564    i.SysCtlClockGet    sysctl.o
    0x00000bb8   0x00000170   Code   RO          565    i.SysCtlClockSet    sysctl.o
    0x00000d28   0x0000007c   Code   RO            2    i.Timer0AIntHandler  fadingled.o
    0x00000da4   0x0000000e   Code   RO         1408    i._is_digit         c_w.l(__printf_wp.o)
    0x00000db2   0x00000004   Code   RO         1081    i._sys_exit         retarget.o
    0x00000db6   0x00000016   Code   RO           85    i.clear_delay       lcd.o
    0x00000dcc   0x00000008   Code   RO         1083    i.ferror            retarget.o
    0x00000dd4   0x0000000e   Code   RO         1085    i.fputc             retarget.o
    0x00000de2   0x00000002   PAD
    0x00000de4   0x00000018   Code   RO            3    i.getValueADC       fadingled.o
    0x00000dfc   0x00000024   Code   RO           86    i.lcdCMD            lcd.o
    0x00000e20   0x00000018   Code   RO           87    i.lcdClear          lcd.o
    0x00000e38   0x00000024   Code   RO           88    i.lcdDATA           lcd.o
    0x00000e5c   0x00000034   Code   RO           89    i.lcdPRINTF         lcd.o
    0x00000e90   0x00000014   Code   RO           90    i.lcd_delay         lcd.o
    0x00000ea4   0x00000018   Code   RO           91    i.lcd_delay_2       lcd.o
    0x00000ebc   0x00000076   Code   RO           92    i.lcd_init          lcd.o
    0x00000f32   0x00000002   PAD
    0x00000f34   0x000000ec   Code   RO            4    i.main              fadingled.o
    0x00001020   0x0000000a   Code   RO           93    i.nextline          lcd.o
    0x0000102a   0x00000002   PAD
    0x0000102c   0x000001c8   Code   RO            5    i.setup             fadingled.o
    0x000011f4   0x00000060   Code   RO           94    i.shiftOut          lcd.o
    0x00001254   0x0000000a   Code   RO         1518    x$fpl$fpinit        fz_wm.l(fpinit.o)
    0x0000125e   0x00000002   PAD
    0x00001260   0x0000010c   Data   RO          465    .constdata          interrupt.o
    0x0000136c   0x000001cc   Data   RO          609    .constdata          sysctl.o
    0x00001538   0x00000011   Data   RO         1416    .constdata          c_w.l(__printf_flags_ss_wp.o)
    0x00001549   0x00000003   PAD
    0x0000154c   0x00000020   Data   RO         1579    Region$$Table       anon$$obj.o


    Execution Region RW_IRAM1 (Base: 0x20000000, Size: 0x00000198, Max: 0x00008000, ABSOLUTE)

    Base Addr    Size         Type   Attr      Idx    E Section Name        Object

    0x20000000   0x00000028   Data   RW            6    .data               fadingled.o
    0x20000028   0x00000010   Data   RW         1086    .data               retarget.o
    0x20000038   0x00000060   Zero   RW         1460    .bss                c_w.l(libspace.o)
    0x20000098   0x00000000   Zero   RW         1134    HEAP                startup.o
    0x20000098   0x00000100   Zero   RW         1133    STACK               startup.o


==============================================================================

Image component sizes


      Code (inc. data)   RO Data    RW Data    ZI Data      Debug   Object Name

       908        150          0         40          0       6016   fadingled.o
        86          0          0          0          0       4468   gpio.o
       126          8        268          0          0       1974   interrupt.o
       438         26          0          0          0       5391   lcd.o
        26          0          0         16          0       3361   retarget.o
       668        638          0          0        256        592   startup.o
       978         84        460          0          0       4403   sysctl.o

    ----------------------------------------------------------------------
      3242        906        760         56        256      26205   Object Totals
         0          0         32          0          0          0   (incl. Generated)
        12          0          0          0          0          0   (incl. Padding)

    ----------------------------------------------------------------------

      Code (inc. data)   RO Data    RW Data    ZI Data      Debug   Library Member Name

         8          0          0          0          0         68   __main.o
       392          4         17          0          0         92   __printf_flags_ss_wp.o
        14          0          0          0          0         68   __printf_wp.o
         0          0          0          0          0          0   __rtentry.o
        12          0          0          0          0          0   __rtentry2.o
         6          0          0          0          0          0   __rtentry4.o
        52          8          0          0          0          0   __scatter.o
        26          0          0          0          0          0   __scatter_copy.o
        28          0          0          0          0          0   __scatter_zi.o
        48          6          0          0          0         96   _printf_char_common.o
        36          4          0          0          0         80   _printf_char_file.o
         6          0          0          0          0          0   _printf_d.o
       120         16          0          0          0         92   _printf_dec.o
       178          0          0          0          0         88   _printf_intcommon.o
        78          0          0          0          0        108   _printf_pad.o
         0          0          0          0          0          0   _printf_percent.o
         4          0          0          0          0          0   _printf_percent_end.o
        12          0          0          0          0         72   exit.o
         6          0          0          0          0        152   heapauxi.o
         2          0          0          0          0          0   libinit.o
         6          0          0          0          0          0   libinit2.o
         2          0          0          0          0          0   libshutdown.o
         2          0          0          0          0          0   libshutdown2.o
         8          4          0          0         96         68   libspace.o
        24          4          0          0          0         84   noretval__2printf.o
         2          0          0          0          0          0   rtexit.o
        10          0          0          0          0          0   rtexit2.o
        74          0          0          0          0         80   sys_stackheap_outer.o
         2          0          0          0          0         68   use_no_semi.o
       244          0          0          0          0       2749   adc.o
        38          0          0          0          0        504   cpu.o
        10          0          0          0          0        116   fpinit.o

    ----------------------------------------------------------------------
      1462         46         20          0         96       4585   Library Totals
        12          0          3          0          0          0   (incl. Padding)

    ----------------------------------------------------------------------

      Code (inc. data)   RO Data    RW Data    ZI Data      Debug   Library Name

      1158         46         17          0         96       1216   c_w.l
       282          0          0          0          0       3253   driverlib-cm4f.lib
        10          0          0          0          0        116   fz_wm.l

    ----------------------------------------------------------------------
      1462         46         20          0         96       4585   Library Totals

    ----------------------------------------------------------------------

==============================================================================


      Code (inc. data)   RO Data    RW Data    ZI Data      Debug   

      4704        952        780         56        352      27870   Grand Totals
      4704        952        780         56        352      27870   ELF Image Totals
      4704        952        780         56          0          0   ROM Totals

==============================================================================

    Total RO  Size (Code + RO Data)                 5484 (   5.36kB)
    Total RW  Size (RW Data + ZI Data)               408 (   0.40kB)
    Total ROM Size (Code + RO Data + RW Data)       5540 (   5.41kB)

==============================================================================

