Component: ARM Compiler 5.06 update 6 (build 750) Tool: armlink [4d35ed]

==============================================================================

Section Cross References

    startup.o(RESET) refers to startup.o(STACK) for StackMem
    startup.o(RESET) refers to blinky.o(.text) for Blinky


==============================================================================

Image Symbol Table

    Local Symbols

    Symbol Name                              Value     Ov Type        Size  Object(Section)

    RESET                                    0x00000000   Section       12  startup.o(RESET)
    Blinky.s                                 0x00000000   Number         0  blinky.o ABSOLUTE
    Startup.s                                0x00000000   Number         0  startup.o ABSOLUTE
    $v0                                      0x00000008   Number         0  startup.o(RESET)
    .text                                    0x0000000c   Section      296  blinky.o(.text)
    $v0                                      0x0000000c   Number         0  blinky.o(.text)
    STACK                                    0x10000000   Section      256  startup.o(STACK)
    StackMem                                 0x10000000   Data           0  startup.o(STACK)

    Global Symbols

    Symbol Name                              Value     Ov Type        Size  Object(Section)

    BuildAttributes$$THM_ISAv4$E$P$D$K$B$S$7EM$VFPi3$EXTD16$VFPS$VFMA$PE$A:L22UL41UL21$X:L11$S22US41US21$IEEE1$IW$USESV6$~STKCKD$USESV7$~SHL$OSPACE$EBA8$STANDARDLIB$PRES8$EABIv2 0x00000000   Number         0  anon$$obj.o ABSOLUTE
    __Vectors                                0x00000000   Data           0  startup.o(RESET)
    Reset_Handler                            0x00000009   Thumb Code     0  startup.o(RESET)
    Blinky                                   0x0000000d   Thumb Code     0  blinky.o(.text)



==============================================================================

Memory Map of the image

  Image Entry point : 0x0000000d

  Load Region LR_IROM1 (Base: 0x00000000, Size: 0x00000134, Max: 0x00040000, ABSOLUTE)

    Execution Region ER_IROM1 (Exec base: 0x00000000, Load base: 0x00000000, Size: 0x00000134, Max: 0x00040000, ABSOLUTE)

    Exec Addr    Load Addr    Size         Type   Attr      Idx    E Section Name        Object

    0x00000000   0x00000000   0x0000000c   Code   RO            7    RESET               startup.o
    0x0000000c   0x0000000c   0x00000128   Code   RO            1  * .text               blinky.o


    Execution Region RW_IRAM1 (Exec base: 0x10000000, Load base: 0x00000134, Size: 0x00000100, Max: 0x00008000, ABSOLUTE)

    Exec Addr    Load Addr    Size         Type   Attr      Idx    E Section Name        Object

    0x10000000        -       0x00000100   Zero   RW            6    STACK               startup.o


==============================================================================

Image component sizes


      Code (inc. data)   RO Data    RW Data    ZI Data      Debug   Object Name

       296         32          0          0          0        372   blinky.o
        12          8          0          0        256        248   startup.o

    ----------------------------------------------------------------------
       308         40          0          0        256        620   Object Totals
         0          0          0          0          0          0   (incl. Generated)
         0          0          0          0          0          0   (incl. Padding)

    ----------------------------------------------------------------------
         0          0          0          0          0          0   Library Totals
         0          0          0          0          0          0   (incl. Padding)

    ----------------------------------------------------------------------

==============================================================================


      Code (inc. data)   RO Data    RW Data    ZI Data      Debug   

       308         40          0          0        256        620   Grand Totals
       308         40          0          0        256        620   ELF Image Totals
       308         40          0          0          0          0   ROM Totals

==============================================================================

    Total RO  Size (Code + RO Data)                  308 (   0.30kB)
    Total RW  Size (RW Data + ZI Data)               256 (   0.25kB)
    Total ROM Size (Code + RO Data + RW Data)        308 (   0.30kB)

==============================================================================

